Archive member included to satisfy reference by file (symbol)

/opt/st/stm32cubeide_1.5.1/plugins/com.st.stm32cube.ide.mcu.externaltools.gnu-tools-for-stm32.7-2018-q2-update.linux64_1.5.0.202011040924/tools/bin/../lib/gcc/arm-none-eabi/7.3.1/../../../../arm-none-eabi/lib/thumb/v7-m/libc_nano.a(lib_a-errno.o)
                              Core/Src/syscalls.o (__errno)
/opt/st/stm32cubeide_1.5.1/plugins/com.st.stm32cube.ide.mcu.externaltools.gnu-tools-for-stm32.7-2018-q2-update.linux64_1.5.0.202011040924/tools/bin/../lib/gcc/arm-none-eabi/7.3.1/../../../../arm-none-eabi/lib/thumb/v7-m/libc_nano.a(lib_a-exit.o)
                              /opt/st/stm32cubeide_1.5.1/plugins/com.st.stm32cube.ide.mcu.externaltools.gnu-tools-for-stm32.7-2018-q2-update.linux64_1.5.0.202011040924/tools/bin/../lib/gcc/arm-none-eabi/7.3.1/../../../../arm-none-eabi/lib/thumb/v7-m/crt0.o (exit)
/opt/st/stm32cubeide_1.5.1/plugins/com.st.stm32cube.ide.mcu.externaltools.gnu-tools-for-stm32.7-2018-q2-update.linux64_1.5.0.202011040924/tools/bin/../lib/gcc/arm-none-eabi/7.3.1/../../../../arm-none-eabi/lib/thumb/v7-m/libc_nano.a(lib_a-impure.o)
                              /opt/st/stm32cubeide_1.5.1/plugins/com.st.stm32cube.ide.mcu.externaltools.gnu-tools-for-stm32.7-2018-q2-update.linux64_1.5.0.202011040924/tools/bin/../lib/gcc/arm-none-eabi/7.3.1/../../../../arm-none-eabi/lib/thumb/v7-m/libc_nano.a(lib_a-exit.o) (_global_impure_ptr)
/opt/st/stm32cubeide_1.5.1/plugins/com.st.stm32cube.ide.mcu.externaltools.gnu-tools-for-stm32.7-2018-q2-update.linux64_1.5.0.202011040924/tools/bin/../lib/gcc/arm-none-eabi/7.3.1/../../../../arm-none-eabi/lib/thumb/v7-m/libc_nano.a(lib_a-init.o)
                              /opt/st/stm32cubeide_1.5.1/plugins/com.st.stm32cube.ide.mcu.externaltools.gnu-tools-for-stm32.7-2018-q2-update.linux64_1.5.0.202011040924/tools/bin/../lib/gcc/arm-none-eabi/7.3.1/../../../../arm-none-eabi/lib/thumb/v7-m/crt0.o (__libc_init_array)
/opt/st/stm32cubeide_1.5.1/plugins/com.st.stm32cube.ide.mcu.externaltools.gnu-tools-for-stm32.7-2018-q2-update.linux64_1.5.0.202011040924/tools/bin/../lib/gcc/arm-none-eabi/7.3.1/../../../../arm-none-eabi/lib/thumb/v7-m/libc_nano.a(lib_a-malloc.o)
                              Core/Src/kalman.o (malloc)
/opt/st/stm32cubeide_1.5.1/plugins/com.st.stm32cube.ide.mcu.externaltools.gnu-tools-for-stm32.7-2018-q2-update.linux64_1.5.0.202011040924/tools/bin/../lib/gcc/arm-none-eabi/7.3.1/../../../../arm-none-eabi/lib/thumb/v7-m/libc_nano.a(lib_a-memset.o)
                              /opt/st/stm32cubeide_1.5.1/plugins/com.st.stm32cube.ide.mcu.externaltools.gnu-tools-for-stm32.7-2018-q2-update.linux64_1.5.0.202011040924/tools/bin/../lib/gcc/arm-none-eabi/7.3.1/../../../../arm-none-eabi/lib/thumb/v7-m/crt0.o (memset)
/opt/st/stm32cubeide_1.5.1/plugins/com.st.stm32cube.ide.mcu.externaltools.gnu-tools-for-stm32.7-2018-q2-update.linux64_1.5.0.202011040924/tools/bin/../lib/gcc/arm-none-eabi/7.3.1/../../../../arm-none-eabi/lib/thumb/v7-m/libc_nano.a(lib_a-nano-freer.o)
                              /opt/st/stm32cubeide_1.5.1/plugins/com.st.stm32cube.ide.mcu.externaltools.gnu-tools-for-stm32.7-2018-q2-update.linux64_1.5.0.202011040924/tools/bin/../lib/gcc/arm-none-eabi/7.3.1/../../../../arm-none-eabi/lib/thumb/v7-m/libc_nano.a(lib_a-malloc.o) (_free_r)
/opt/st/stm32cubeide_1.5.1/plugins/com.st.stm32cube.ide.mcu.externaltools.gnu-tools-for-stm32.7-2018-q2-update.linux64_1.5.0.202011040924/tools/bin/../lib/gcc/arm-none-eabi/7.3.1/../../../../arm-none-eabi/lib/thumb/v7-m/libc_nano.a(lib_a-nano-mallocr.o)
                              /opt/st/stm32cubeide_1.5.1/plugins/com.st.stm32cube.ide.mcu.externaltools.gnu-tools-for-stm32.7-2018-q2-update.linux64_1.5.0.202011040924/tools/bin/../lib/gcc/arm-none-eabi/7.3.1/../../../../arm-none-eabi/lib/thumb/v7-m/libc_nano.a(lib_a-malloc.o) (_malloc_r)
/opt/st/stm32cubeide_1.5.1/plugins/com.st.stm32cube.ide.mcu.externaltools.gnu-tools-for-stm32.7-2018-q2-update.linux64_1.5.0.202011040924/tools/bin/../lib/gcc/arm-none-eabi/7.3.1/../../../../arm-none-eabi/lib/thumb/v7-m/libc_nano.a(lib_a-nano-vfprintf_float.o)
                              (_printf_float)
/opt/st/stm32cubeide_1.5.1/plugins/com.st.stm32cube.ide.mcu.externaltools.gnu-tools-for-stm32.7-2018-q2-update.linux64_1.5.0.202011040924/tools/bin/../lib/gcc/arm-none-eabi/7.3.1/../../../../arm-none-eabi/lib/thumb/v7-m/libc_nano.a(lib_a-nano-vfprintf_i.o)
                              /opt/st/stm32cubeide_1.5.1/plugins/com.st.stm32cube.ide.mcu.externaltools.gnu-tools-for-stm32.7-2018-q2-update.linux64_1.5.0.202011040924/tools/bin/../lib/gcc/arm-none-eabi/7.3.1/../../../../arm-none-eabi/lib/thumb/v7-m/libc_nano.a(lib_a-nano-vfprintf_float.o) (_printf_common)
/opt/st/stm32cubeide_1.5.1/plugins/com.st.stm32cube.ide.mcu.externaltools.gnu-tools-for-stm32.7-2018-q2-update.linux64_1.5.0.202011040924/tools/bin/../lib/gcc/arm-none-eabi/7.3.1/../../../../arm-none-eabi/lib/thumb/v7-m/libc_nano.a(lib_a-nano-vfscanf_float.o)
[...]
Memory Configuration

Name             Origin             Length             Attributes
RAM              0x0000000020000000 0x0000000000005000 xrw
FLASH            0x0000000008000000 0x0000000000010000 xr
*default*        0x0000000000000000 0xffffffffffffffff

Linker script and memory map

LOAD /opt/st/stm32cubeide_1.5.1/plugins/com.st.stm32cube.ide.mcu.externaltools.gnu-tools-for-stm32.7-2018-q2-update.linux64_1.5.0.202011040924/tools/bin/../lib/gcc/arm-none-eabi/7.3.1/thumb/v7-m/crti.o
LOAD /opt/st/stm32cubeide_1.5.1/plugins/com.st.stm32cube.ide.mcu.externaltools.gnu-tools-for-stm32.7-2018-q2-update.linux64_1.5.0.202011040924/tools/bin/../lib/gcc/arm-none-eabi/7.3.1/thumb/v7-m/crtbegin.o
LOAD /opt/st/stm32cubeide_1.5.1/plugins/com.st.stm32cube.ide.mcu.externaltools.gnu-tools-for-stm32.7-2018-q2-update.linux64_1.5.0.202011040924/tools/bin/../lib/gcc/arm-none-eabi/7.3.1/../../../../arm-none-eabi/lib/thumb/v7-m/crt0.o
LOAD Core/Src/MahonyAHRS.o
LOAD Core/Src/kalman.o
LOAD Core/Src/main.o
LOAD Core/Src/stm32f1xx_hal_msp.o
LOAD Core/Src/stm32f1xx_it.o
LOAD Core/Src/syscalls.o
LOAD Core/Src/sysmem.o
LOAD Core/Src/system_stm32f1xx.o
LOAD Core/Startup/startup_stm32f103c8tx.o
LOAD Drivers/STM32F1xx_HAL_Driver/Src/stm32f1xx_hal.o
LOAD Drivers/STM32F1xx_HAL_Driver/Src/stm32f1xx_hal_cortex.o
LOAD Drivers/STM32F1xx_HAL_Driver/Src/stm32f1xx_hal_dma.o
LOAD Drivers/STM32F1xx_HAL_Driver/Src/stm32f1xx_hal_exti.o
LOAD Drivers/STM32F1xx_HAL_Driver/Src/stm32f1xx_hal_flash.o
LOAD Drivers/STM32F1xx_HAL_Driver/Src/stm32f1xx_hal_flash_ex.o
LOAD Drivers/STM32F1xx_HAL_Driver/Src/stm32f1xx_hal_gpio.o
LOAD Drivers/STM32F1xx_HAL_Driver/Src/stm32f1xx_hal_gpio_ex.o
LOAD Drivers/STM32F1xx_HAL_Driver/Src/stm32f1xx_hal_i2c.o
LOAD Drivers/STM32F1xx_HAL_Driver/Src/stm32f1xx_hal_pwr.o
LOAD Drivers/STM32F1xx_HAL_Driver/Src/stm32f1xx_hal_rcc.o
LOAD Drivers/STM32F1xx_HAL_Driver/Src/stm32f1xx_hal_rcc_ex.o
LOAD Drivers/STM32F1xx_HAL_Driver/Src/stm32f1xx_hal_spi.o
LOAD Drivers/STM32F1xx_HAL_Driver/Src/stm32f1xx_hal_tim.o
LOAD Drivers/STM32F1xx_HAL_Driver/Src/stm32f1xx_hal_tim_ex.o
LOAD Drivers/STM32F1xx_HAL_Driver/Src/stm32f1xx_hal_uart.o
START GROUP
LOAD /opt/st/stm32cubeide_1.5.1/plugins/com.st.stm32cube.ide.mcu.externaltools.gnu-tools-for-stm32.7-2018-q2-update.linux64_1.5.0.202011040924/tools/bin/../lib/gcc/arm-none-eabi/7.3.1/../../../../arm-none-eabi/lib/thumb/v7-m/libc_nano.a
LOAD /opt/st/stm32cubeide_1.5.1/plugins/com.st.stm32cube.ide.mcu.externaltools.gnu-tools-for-stm32.7-2018-q2-update.linux64_1.5.0.202011040924/tools/bin/../lib/gcc/arm-none-eabi/7.3.1/../../../../arm-none-eabi/lib/thumb/v7-m/libm.a
END GROUP
START GROUP
LOAD /opt/st/stm32cubeide_1.5.1/plugins/com.st.stm32cube.ide.mcu.externaltools.gnu-tools-for-stm32.7-2018-q2-update.linux64_1.5.0.202011040924/tools/bin/../lib/gcc/arm-none-eabi/7.3.1/thumb/v7-m/libgcc.a
LOAD /opt/st/stm32cubeide_1.5.1/plugins/com.st.stm32cube.ide.mcu.externaltools.gnu-tools-for-stm32.7-2018-q2-update.linux64_1.5.0.202011040924/tools/bin/../lib/gcc/arm-none-eabi/7.3.1/../../../../arm-none-eabi/lib/thumb/v7-m/libc_nano.a
END GROUP
START GROUP
LOAD /opt/st/stm32cubeide_1.5.1/plugins/com.st.stm32cube.ide.mcu.externaltools.gnu-tools-for-stm32.7-2018-q2-update.linux64_1.5.0.202011040924/tools/bin/../lib/gcc/arm-none-eabi/7.3.1/thumb/v7-m/libgcc.a
LOAD /opt/st/stm32cubeide_1.5.1/plugins/com.st.stm32cube.ide.mcu.externaltools.gnu-tools-for-stm32.7-2018-q2-update.linux64_1.5.0.202011040924/tools/bin/../lib/gcc/arm-none-eabi/7.3.1/../../../../arm-none-eabi/lib/thumb/v7-m/libc_nano.a
LOAD /opt/st/stm32cubeide_1.5.1/plugins/com.st.stm32cube.ide.mcu.externaltools.gnu-tools-for-stm32.7-2018-q2-update.linux64_1.5.0.202011040924/tools/bin/../lib/gcc/arm-none-eabi/7.3.1/../../../../arm-none-eabi/lib/thumb/v7-m/libnosys.a
END GROUP
START GROUP
LOAD /opt/st/stm32cubeide_1.5.1/plugins/com.st.stm32cube.ide.mcu.externaltools.gnu-tools-for-stm32.7-2018-q2-update.linux64_1.5.0.202011040924/tools/bin/../lib/gcc/arm-none-eabi/7.3.1/thumb/v7-m/libgcc.a
LOAD /opt/st/stm32cubeide_1.5.1/plugins/com.st.stm32cube.ide.mcu.externaltools.gnu-tools-for-stm32.7-2018-q2-update.linux64_1.5.0.202011040924/tools/bin/../lib/gcc/arm-none-eabi/7.3.1/../../../../arm-none-eabi/lib/thumb/v7-m/libc_nano.a
LOAD /opt/st/stm32cubeide_1.5.1/plugins/com.st.stm32cube.ide.mcu.externaltools.gnu-tools-for-stm32.7-2018-q2-update.linux64_1.5.0.202011040924/tools/bin/../lib/gcc/arm-none-eabi/7.3.1/../../../../arm-none-eabi/lib/thumb/v7-m/libnosys.a
END GROUP
LOAD /opt/st/stm32cubeide_1.5.1/plugins/com.st.stm32cube.ide.mcu.externaltools.gnu-tools-for-stm32.7-2018-q2-update.linux64_1.5.0.202011040924/tools/bin/../lib/gcc/arm-none-eabi/7.3.1/thumb/v7-m/crtend.o
LOAD /opt/st/stm32cubeide_1.5.1/plugins/com.st.stm32cube.ide.mcu.externaltools.gnu-tools-for-stm32.7-2018-q2-update.linux64_1.5.0.202011040924/tools/bin/../lib/gcc/arm-none-eabi/7.3.1/thumb/v7-m/crtn.o
                0x0000000020005000                _estack = (ORIGIN (RAM) + LENGTH (RAM))
                0x0000000000000200                _Min_Heap_Size = 0x200
                0x0000000000000400                _Min_Stack_Size = 0x400

.isr_vector     0x0000000008000000      0x10c
                0x0000000008000000                . = ALIGN (0x4)
 *(.isr_vector)
 .isr_vector    0x0000000008000000      0x10c Core/Startup/startup_stm32f103c8tx.o
                0x0000000008000000                g_pfnVectors
                0x000000000800010c                . = ALIGN (0x4)

.text           0x0000000008000110     0xb7c4
                0x0000000008000110                . = ALIGN (0x4)
 *(.text)
 .text          0x0000000008000110       0x40 /opt/st/stm32cubeide_1.5.1/plugins/com.st.stm32cube.ide.mcu.externaltools.gnu-tools-for-stm32.7-2018-q2-update.linux64_1.5.0.202011040924/tools/bin/../lib/gcc/arm-none-eabi/7.3.1/thumb/v7-m/crtbegin.o
 .text          0x0000000008000150       0x10 /opt/st/stm32cubeide_1.5.1/plugins/com.st.stm32cube.ide.mcu.externaltools.gnu-tools-for-stm32.7-2018-q2-update.linux64_1.5.0.202011040924/tools/bin/../lib/gcc/arm-none-eabi/7.3.1/../../../../arm-none-eabi/lib/thumb/v7-m/libc_nano.a(lib_a-strlen.o)
                0x0000000008000150                strlen
 .text          0x0000000008000160      0x378 /opt/st/stm32cubeide_1.5.1/plugins/com.st.stm32cube.ide.mcu.externaltools.gnu-tools-for-stm32.7-2018-q2-update.linux64_1.5.0.202011040924/tools/bin/../lib/gcc/arm-none-eabi/7.3.1/thumb/v7-m/libgcc.a(_arm_addsubdf3.o)
                0x0000000008000160                __aeabi_drsub
                0x0000000008000168                __aeabi_dsub
                0x0000000008000168                __subdf3
                0x000000000800016c                __adddf3
                0x000000000800016c                __aeabi_dadd
                0x00000000080003e4                __aeabi_ui2d
                0x00000000080003e4                __floatunsidf
                0x0000000008000404                __floatsidf
                0x0000000008000404                __aeabi_i2d
                0x0000000008000428                __extendsfdf2
                0x0000000008000428                __aeabi_f2d
                0x000000000800046c                __aeabi_ul2d
                0x000000000800046c                __floatundidf
                0x000000000800047c                __floatdidf
                0x000000000800047c                __aeabi_l2d
 .text          0x00000000080004d8      0x424 /opt/st/stm32cubeide_1.5.1/plugins/com.st.stm32cube.ide.mcu.externaltools.gnu-tools-for-stm32.7-2018-q2-update.linux64_1.5.0.202011040924/tools/bin/../lib/gcc/arm-none-eabi/7.3.1/thumb/v7-m/libgcc.a(_arm_muldivdf3.o)
                0x00000000080004d8                __aeabi_dmul
                0x00000000080004d8                __muldf3
                0x000000000800072c                __aeabi_ddiv
                0x000000000800072c                __divdf3
 .text          0x00000000080008fc      0x110 /opt/st/stm32cubeide_1.5.1/plugins/com.st.stm32cube.ide.mcu.externaltools.gnu-tools-for-stm32.7-2018-q2-update.linux64_1.5.0.202011040924/tools/bin/../lib/gcc/arm-none-eabi/7.3.1/thumb/v7-m/libgcc.a(_arm_cmpdf2.o)
                0x00000000080008fc                __gtdf2
                0x00000000080008fc                __gedf2
                0x0000000008000904                __ltdf2
                0x0000000008000904                __ledf2
                0x000000000800090c                __cmpdf2
                0x000000000800090c                __eqdf2
                0x000000000800090c                __nedf2
                0x0000000008000988                __aeabi_cdrcmple
                0x0000000008000998                __aeabi_cdcmple
                0x0000000008000998                __aeabi_cdcmpeq
                0x00000000080009a8                __aeabi_dcmpeq
                0x00000000080009bc                __aeabi_dcmplt
                0x00000000080009d0                __aeabi_dcmple
                0x00000000080009e4                __aeabi_dcmpge
                0x00000000080009f8                __aeabi_dcmpgt
 .text          0x0000000008000a0c       0x2c /opt/st/stm32cubeide_1.5.1/plugins/com.st.stm32cube.ide.mcu.externaltools.gnu-tools-for-stm32.7-2018-q2-update.linux64_1.5.0.202011040924/tools/bin/../lib/gcc/arm-none-eabi/7.3.1/thumb/v7-m/libgcc.a(_arm_unorddf2.o)
                0x0000000008000a0c                __aeabi_dcmpun
                0x0000000008000a0c                __unorddf2
 .text          0x0000000008000a38       0x50 /opt/st/stm32cubeide_1.5.1/plugins/com.st.stm32cube.ide.mcu.externaltools.gnu-tools-for-stm32.7-2018-q2-update.linux64_1.5.0.202011040924/tools/bin/../lib/gcc/arm-none-eabi/7.3.1/thumb/v7-m/libgcc.a(_arm_fixdfsi.o)
                0x0000000008000a38                __fixdfsi
                0x0000000008000a38                __aeabi_d2iz
 .text          0x0000000008000a88       0x40 /opt/st/stm32cubeide_1.5.1/plugins/com.st.stm32cube.ide.mcu.externaltools.gnu-tools-for-stm32.7-2018-q2-update.linux64_1.5.0.202011040924/tools/bin/../lib/gcc/arm-none-eabi/7.3.1/thumb/v7-m/libgcc.a(_arm_fixunsdfsi.o)
                0x0000000008000a88                __fixunsdfsi
                0x0000000008000a88                __aeabi_d2uiz
 .text          0x0000000008000ac8       0xa0 /opt/st/stm32cubeide_1.5.1/plugins/com.st.stm32cube.ide.mcu.externaltools.gnu-tools-for-stm32.7-2018-q2-update.linux64_1.5.0.202011040924/tools/bin/../lib/gcc/arm-none-eabi/7.3.1/thumb/v7-m/libgcc.a(_arm_truncdfsf2.o)
                0x0000000008000ac8                __aeabi_d2f
                0x0000000008000ac8                __truncdfsf2
 .text          0x0000000008000b68      0x21c /opt/st/stm32cubeide_1.5.1/plugins/com.st.stm32cube.ide.mcu.externaltools.gnu-tools-for-stm32.7-2018-q2-update.linux64_1.5.0.202011040924/tools/bin/../lib/gcc/arm-none-eabi/7.3.1/thumb/v7-m/libgcc.a(_arm_addsubsf3.o)
                0x0000000008000b68                __aeabi_frsub
                0x0000000008000b70                __subsf3
                0x0000000008000b70                __aeabi_fsub
                0x0000000008000b74                __aeabi_fadd
                0x0000000008000b74                __addsf3
                0x0000000008000cd4                __aeabi_ui2f
                0x0000000008000cd4                __floatunsisf
                0x0000000008000cdc                __aeabi_i2f
                0x0000000008000cdc                __floatsisf
                0x0000000008000cf8                __floatundisf
                0x0000000008000cf8                __aeabi_ul2f
                0x0000000008000d08                __floatdisf
                0x0000000008000d08                __aeabi_l2f
 .text          0x0000000008000d84      0x2a0 /opt/st/stm32cubeide_1.5.1/plugins/com.st.stm32cube.ide.mcu.externaltools.gnu-tools-for-stm32.7-2018-q2-update.linux64_1.5.0.202011040924/tools/bin/../lib/gcc/arm-none-eabi/7.3.1/thumb/v7-m/libgcc.a(_arm_muldivsf3.o)
                0x0000000008000d84                __mulsf3
                0x0000000008000d84                __aeabi_fmul
                0x0000000008000eec                __divsf3
                0x0000000008000eec                __aeabi_fdiv
 .text          0x0000000008001024       0xec /opt/st/stm32cubeide_1.5.1/plugins/com.st.stm32cube.ide.mcu.externaltools.gnu-tools-for-stm32.7-2018-q2-update.linux64_1.5.0.202011040924/tools/bin/../lib/gcc/arm-none-eabi/7.3.1/thumb/v7-m/libgcc.a(_arm_cmpsf2.o)
                0x0000000008001024                __gtsf2
                0x0000000008001024                __gesf2
                0x000000000800102c                __lesf2
                0x000000000800102c                __ltsf2
                0x0000000008001034                __nesf2
                0x0000000008001034                __eqsf2
                0x0000000008001034                __cmpsf2
                0x0000000008001094                __aeabi_cfrcmple
                0x000000000800109c                __aeabi_cfcmple
                0x000000000800109c                __aeabi_cfcmpeq
                0x00000000080010ac                __aeabi_fcmpeq
                0x00000000080010c0                __aeabi_fcmplt
                0x00000000080010d4                __aeabi_fcmple
                0x00000000080010e8                __aeabi_fcmpge
                0x00000000080010fc                __aeabi_fcmpgt
 .text          0x0000000008001110       0x2c /opt/st/stm32cubeide_1.5.1/plugins/com.st.stm32cube.ide.mcu.externaltools.gnu-tools-for-stm32.7-2018-q2-update.linux64_1.5.0.202011040924/tools/bin/../lib/gcc/arm-none-eabi/7.3.1/thumb/v7-m/libgcc.a(_arm_unordsf2.o)
                0x0000000008001110                __aeabi_fcmpun
                0x0000000008001110                __unordsf2
 .text          0x000000000800113c       0x40 /opt/st/stm32cubeide_1.5.1/plugins/com.st.stm32cube.ide.mcu.externaltools.gnu-tools-for-stm32.7-2018-q2-update.linux64_1.5.0.202011040924/tools/bin/../lib/gcc/arm-none-eabi/7.3.1/thumb/v7-m/libgcc.a(_arm_fixunssfsi.o)
                0x000000000800113c                __aeabi_f2uiz
                0x000000000800113c                __fixunssfsi
 *(.text*)
 .text.MahonyAHRSupdate
                0x000000000800117c      0xa8c Core/Src/MahonyAHRS.o
                0x000000000800117c                MahonyAHRSupdate
 .text.MahonyAHRSupdateIMU
                0x0000000008001c08      0x580 Core/Src/MahonyAHRS.o
                0x0000000008001c08                MahonyAHRSupdateIMU
 .text.invSqrt  0x0000000008002188       0x78 Core/Src/MahonyAHRS.o
                0x0000000008002188                invSqrt
 .text.MPU9250_Init
                0x0000000008002200      0x1a0 Core/Src/main.o
                0x0000000008002200                MPU9250_Init
 .text.initAK8963
                0x00000000080023a0      0x1ac Core/Src/main.o
                0x00000000080023a0                initAK8963
 .text.MPU9250_Read_Accel
                0x000000000800254c      0x144 Core/Src/main.o
                0x000000000800254c                MPU9250_Read_Accel
 .text.MPU9250_Read_Gyro
                0x0000000008002690      0x158 Core/Src/main.o
                0x0000000008002690                MPU9250_Read_Gyro
 .text.MPU9250_Read_Mag
                0x00000000080027e8      0x1b8 Core/Src/main.o
                0x00000000080027e8                MPU9250_Read_Mag
 .text.magcalMPU9250
                0x00000000080029a0      0x33c Core/Src/main.o
                0x00000000080029a0                magcalMPU9250
 .text.calibrateMPU9250
                0x0000000008002cdc      0x320 Core/Src/main.o
                0x0000000008002cdc                calibrateMPU9250
 .text.Clock_Start
                0x0000000008002ffc       0x1c Core/Src/main.o
                0x0000000008002ffc                Clock_Start
 .text.Clock_End
                0x0000000008003018       0x24 Core/Src/main.o
                0x0000000008003018                Clock_End
 .text.adxl_write
                0x000000000800303c       0x54 Core/Src/main.o
                0x000000000800303c                adxl_write
 .text.adxl_read_data
                0x0000000008003090       0x64 Core/Src/main.o
                0x0000000008003090                adxl_read_data
 .text.adxl_init
                0x00000000080030f4       0x50 Core/Src/main.o
                0x00000000080030f4                adxl_init
 .text.getData_from_ADXL
                0x0000000008003144       0xc4 Core/Src/main.o
                0x0000000008003144                getData_from_ADXL
 .text.main     0x0000000008003208      0x40c Core/Src/main.o
                0x0000000008003208                main
 .text.SystemClock_Config
                0x0000000008003614       0x8a Core/Src/main.o
                0x0000000008003614                SystemClock_Config
 *fill*         0x000000000800369e        0x2 
 .text.MX_I2C1_Init
                0x00000000080036a0       0x5c Core/Src/main.o
 .text.MX_SPI2_Init
                0x00000000080036fc       0x6c Core/Src/main.o
 .text.MX_TIM2_Init
                0x0000000008003768       0x9c Core/Src/main.o
 .text.MX_USART2_UART_Init
                0x0000000008003804       0x54 Core/Src/main.o
 .text.MX_GPIO_Init
                0x0000000008003858      0x134 Core/Src/main.o
 .text.Error_Handler
                0x000000000800398c        0xc Core/Src/main.o
                0x000000000800398c                Error_Handler
 .text.HAL_MspInit
                0x0000000008003998       0x64 Core/Src/stm32f1xx_hal_msp.o
                0x0000000008003998                HAL_MspInit
 .text.HAL_I2C_MspInit
                0x00000000080039fc       0x7c Core/Src/stm32f1xx_hal_msp.o
                0x00000000080039fc                HAL_I2C_MspInit
 .text.HAL_SPI_MspInit
                0x0000000008003a78       0x98 Core/Src/stm32f1xx_hal_msp.o
                0x0000000008003a78                HAL_SPI_MspInit
 .text.HAL_TIM_Base_MspInit
                0x0000000008003b10       0x38 Core/Src/stm32f1xx_hal_msp.o
                0x0000000008003b10                HAL_TIM_Base_MspInit
 .text.HAL_UART_MspInit
                0x0000000008003b48       0xa4 Core/Src/stm32f1xx_hal_msp.o
                0x0000000008003b48                HAL_UART_MspInit
 .text.NMI_Handler
                0x0000000008003bec        0xc Core/Src/stm32f1xx_it.o
                0x0000000008003bec                NMI_Handler
 .text.HardFault_Handler
                0x0000000008003bf8        0x6 Core/Src/stm32f1xx_it.o
                0x0000000008003bf8                HardFault_Handler
 .text.MemManage_Handler
                0x0000000008003bfe        0x6 Core/Src/stm32f1xx_it.o
                0x0000000008003bfe                MemManage_Handler
 .text.BusFault_Handler
                0x0000000008003c04        0x6 Core/Src/stm32f1xx_it.o
                0x0000000008003c04                BusFault_Handler
 .text.UsageFault_Handler
                0x0000000008003c0a        0x6 Core/Src/stm32f1xx_it.o
                0x0000000008003c0a                UsageFault_Handler
 .text.SVC_Handler
                0x0000000008003c10        0xc Core/Src/stm32f1xx_it.o
                0x0000000008003c10                SVC_Handler
 .text.DebugMon_Handler
                0x0000000008003c1c        0xc Core/Src/stm32f1xx_it.o
                0x0000000008003c1c                DebugMon_Handler
 .text.PendSV_Handler
                0x0000000008003c28        0xc Core/Src/stm32f1xx_it.o
                0x0000000008003c28                PendSV_Handler
 .text.SysTick_Handler
                0x0000000008003c34        0xc Core/Src/stm32f1xx_it.o
                0x0000000008003c34                SysTick_Handler
 .text.EXTI1_IRQHandler
                0x0000000008003c40        0xe Core/Src/stm32f1xx_it.o
                0x0000000008003c40                EXTI1_IRQHandler
 *fill*         0x0000000008003c4e        0x2 
 .text.USART2_IRQHandler
                0x0000000008003c50       0x14 Core/Src/stm32f1xx_it.o
                0x0000000008003c50                USART2_IRQHandler
 .text._sbrk    0x0000000008003c64       0x6c Core/Src/sysmem.o
                0x0000000008003c64                _sbrk
 .text.SystemInit
                0x0000000008003cd0        0xc Core/Src/system_stm32f1xx.o
                0x0000000008003cd0                SystemInit
 .text.Reset_Handler
                0x0000000008003cdc       0x48 Core/Startup/startup_stm32f103c8tx.o
                0x0000000008003cdc                Reset_Handler
 .text.Default_Handler
                0x0000000008003d24        0x2 Core/Startup/startup_stm32f103c8tx.o
                0x0000000008003d24                RTC_Alarm_IRQHandler
                0x0000000008003d24                EXTI2_IRQHandler
                0x0000000008003d24                TIM1_CC_IRQHandler
                0x0000000008003d24                PVD_IRQHandler
                0x0000000008003d24                EXTI3_IRQHandler
                0x0000000008003d24                EXTI0_IRQHandler
                0x0000000008003d24                I2C2_EV_IRQHandler
                0x0000000008003d24                ADC1_2_IRQHandler
                0x0000000008003d24                SPI1_IRQHandler
                0x0000000008003d24                TAMPER_IRQHandler
                0x0000000008003d24                DMA1_Channel4_IRQHandler
                0x0000000008003d24                USART3_IRQHandler
                0x0000000008003d24                RTC_IRQHandler
                0x0000000008003d24                DMA1_Channel7_IRQHandler
                0x0000000008003d24                CAN1_RX1_IRQHandler
                0x0000000008003d24                TIM4_IRQHandler
                0x0000000008003d24                I2C1_EV_IRQHandler
                0x0000000008003d24                DMA1_Channel6_IRQHandler
                0x0000000008003d24                TIM3_IRQHandler
                0x0000000008003d24                RCC_IRQHandler
                0x0000000008003d24                TIM1_TRG_COM_IRQHandler
                0x0000000008003d24                DMA1_Channel1_IRQHandler
                0x0000000008003d24                Default_Handler
                0x0000000008003d24                EXTI15_10_IRQHandler
                0x0000000008003d24                EXTI9_5_IRQHandler
                0x0000000008003d24                SPI2_IRQHandler
                0x0000000008003d24                DMA1_Channel5_IRQHandler
                0x0000000008003d24                EXTI4_IRQHandler
                0x0000000008003d24                USB_LP_CAN1_RX0_IRQHandler
                0x0000000008003d24                USB_HP_CAN1_TX_IRQHandler
                0x0000000008003d24                DMA1_Channel3_IRQHandler
                0x0000000008003d24                TIM1_UP_IRQHandler
                0x0000000008003d24                WWDG_IRQHandler
                0x0000000008003d24                TIM2_IRQHandler
                0x0000000008003d24                TIM1_BRK_IRQHandler
                0x0000000008003d24                I2C2_ER_IRQHandler
                0x0000000008003d24                DMA1_Channel2_IRQHandler
                0x0000000008003d24                CAN1_SCE_IRQHandler
                0x0000000008003d24                FLASH_IRQHandler
                0x0000000008003d24                USART1_IRQHandler
                0x0000000008003d24                I2C1_ER_IRQHandler
                0x0000000008003d24                USBWakeUp_IRQHandler
 *fill*         0x0000000008003d26        0x2 
 .text.HAL_Init
                0x0000000008003d28       0x2c Drivers/STM32F1xx_HAL_Driver/Src/stm32f1xx_hal.o
                0x0000000008003d28                HAL_Init
 .text.HAL_InitTick
                0x0000000008003d54       0x60 Drivers/STM32F1xx_HAL_Driver/Src/stm32f1xx_hal.o
                0x0000000008003d54                HAL_InitTick
 .text.HAL_IncTick
                0x0000000008003db4       0x24 Drivers/STM32F1xx_HAL_Driver/Src/stm32f1xx_hal.o
                0x0000000008003db4                HAL_IncTick
 .text.HAL_GetTick
                0x0000000008003dd8       0x14 Drivers/STM32F1xx_HAL_Driver/Src/stm32f1xx_hal.o
                0x0000000008003dd8                HAL_GetTick
 .text.HAL_Delay
                0x0000000008003dec       0x44 Drivers/STM32F1xx_HAL_Driver/Src/stm32f1xx_hal.o
                0x0000000008003dec                HAL_Delay
 .text.__NVIC_SetPriorityGrouping
                0x0000000008003e30       0x48 Drivers/STM32F1xx_HAL_Driver/Src/stm32f1xx_hal_cortex.o
 .text.__NVIC_GetPriorityGrouping
                0x0000000008003e78       0x1c Drivers/STM32F1xx_HAL_Driver/Src/stm32f1xx_hal_cortex.o
 .text.__NVIC_EnableIRQ
                0x0000000008003e94       0x38 Drivers/STM32F1xx_HAL_Driver/Src/stm32f1xx_hal_cortex.o
 .text.__NVIC_SetPriority
                0x0000000008003ecc       0x54 Drivers/STM32F1xx_HAL_Driver/Src/stm32f1xx_hal_cortex.o
 .text.NVIC_EncodePriority
                0x0000000008003f20       0x64 Drivers/STM32F1xx_HAL_Driver/Src/stm32f1xx_hal_cortex.o
 .text.SysTick_Config
                0x0000000008003f84       0x44 Drivers/STM32F1xx_HAL_Driver/Src/stm32f1xx_hal_cortex.o
 .text.HAL_NVIC_SetPriorityGrouping
                0x0000000008003fc8       0x16 Drivers/STM32F1xx_HAL_Driver/Src/stm32f1xx_hal_cortex.o
                0x0000000008003fc8                HAL_NVIC_SetPriorityGrouping
 .text.HAL_NVIC_SetPriority
                0x0000000008003fde       0x38 Drivers/STM32F1xx_HAL_Driver/Src/stm32f1xx_hal_cortex.o
                0x0000000008003fde                HAL_NVIC_SetPriority
 .text.HAL_NVIC_EnableIRQ
                0x0000000008004016       0x1c Drivers/STM32F1xx_HAL_Driver/Src/stm32f1xx_hal_cortex.o
                0x0000000008004016                HAL_NVIC_EnableIRQ
 .text.HAL_SYSTICK_Config
                0x0000000008004032       0x18 Drivers/STM32F1xx_HAL_Driver/Src/stm32f1xx_hal_cortex.o
                0x0000000008004032                HAL_SYSTICK_Config
 *fill*         0x000000000800404a        0x2 
 .text.HAL_DMA_Abort_IT
                0x000000000800404c       0xec Drivers/STM32F1xx_HAL_Driver/Src/stm32f1xx_hal_dma.o
                0x000000000800404c                HAL_DMA_Abort_IT
 .text.HAL_GPIO_Init
                0x0000000008004138      0x2b4 Drivers/STM32F1xx_HAL_Driver/Src/stm32f1xx_hal_gpio.o
                0x0000000008004138                HAL_GPIO_Init
 .text.HAL_GPIO_WritePin
                0x00000000080043ec       0x30 Drivers/STM32F1xx_HAL_Driver/Src/stm32f1xx_hal_gpio.o
                0x00000000080043ec                HAL_GPIO_WritePin
 .text.HAL_GPIO_EXTI_IRQHandler
                0x000000000800441c       0x30 Drivers/STM32F1xx_HAL_Driver/Src/stm32f1xx_hal_gpio.o
                0x000000000800441c                HAL_GPIO_EXTI_IRQHandler
 .text.HAL_GPIO_EXTI_Callback
                0x000000000800444c       0x14 Drivers/STM32F1xx_HAL_Driver/Src/stm32f1xx_hal_gpio.o
                0x000000000800444c                HAL_GPIO_EXTI_Callback
 .text.HAL_I2C_Init
                0x0000000008004460      0x270 Drivers/STM32F1xx_HAL_Driver/Src/stm32f1xx_hal_i2c.o
                0x0000000008004460                HAL_I2C_Init
 .text.HAL_I2C_Mem_Write
                0x00000000080046d0      0x1f4 Drivers/STM32F1xx_HAL_Driver/Src/stm32f1xx_hal_i2c.o
                0x00000000080046d0                HAL_I2C_Mem_Write
 .text.HAL_I2C_Mem_Read
                0x00000000080048c4      0x4c4 Drivers/STM32F1xx_HAL_Driver/Src/stm32f1xx_hal_i2c.o
                0x00000000080048c4                HAL_I2C_Mem_Read
 .text.I2C_RequestMemoryWrite
                0x0000000008004d88      0x12c Drivers/STM32F1xx_HAL_Driver/Src/stm32f1xx_hal_i2c.o
 .text.I2C_RequestMemoryRead
                0x0000000008004eb4      0x1d0 Drivers/STM32F1xx_HAL_Driver/Src/stm32f1xx_hal_i2c.o
 .text.I2C_WaitOnFlagUntilTimeout
                0x0000000008005084       0xae Drivers/STM32F1xx_HAL_Driver/Src/stm32f1xx_hal_i2c.o
 .text.I2C_WaitOnMasterAddressFlagUntilTimeout
                0x0000000008005132       0xfe Drivers/STM32F1xx_HAL_Driver/Src/stm32f1xx_hal_i2c.o
 .text.I2C_WaitOnTXEFlagUntilTimeout
                0x0000000008005230       0x82 Drivers/STM32F1xx_HAL_Driver/Src/stm32f1xx_hal_i2c.o
 .text.I2C_WaitOnBTFFlagUntilTimeout
                0x00000000080052b2       0x82 Drivers/STM32F1xx_HAL_Driver/Src/stm32f1xx_hal_i2c.o
 .text.I2C_WaitOnRXNEFlagUntilTimeout
                0x0000000008005334       0xac Drivers/STM32F1xx_HAL_Driver/Src/stm32f1xx_hal_i2c.o
 .text.I2C_IsAcknowledgeFailed
                0x00000000080053e0       0x5c Drivers/STM32F1xx_HAL_Driver/Src/stm32f1xx_hal_i2c.o
 .text.HAL_RCC_OscConfig
                0x000000000800543c      0x500 Drivers/STM32F1xx_HAL_Driver/Src/stm32f1xx_hal_rcc.o
                0x000000000800543c                HAL_RCC_OscConfig
 .text.HAL_RCC_ClockConfig
                0x000000000800593c      0x1d4 Drivers/STM32F1xx_HAL_Driver/Src/stm32f1xx_hal_rcc.o
                0x000000000800593c                HAL_RCC_ClockConfig
 .text.HAL_RCC_GetSysClockFreq
                0x0000000008005b10       0xc4 Drivers/STM32F1xx_HAL_Driver/Src/stm32f1xx_hal_rcc.o
                0x0000000008005b10                HAL_RCC_GetSysClockFreq
 .text.HAL_RCC_GetHCLKFreq
                0x0000000008005bd4       0x14 Drivers/STM32F1xx_HAL_Driver/Src/stm32f1xx_hal_rcc.o
                0x0000000008005bd4                HAL_RCC_GetHCLKFreq
 .text.HAL_RCC_GetPCLK1Freq
                0x0000000008005be8       0x28 Drivers/STM32F1xx_HAL_Driver/Src/stm32f1xx_hal_rcc.o
                0x0000000008005be8                HAL_RCC_GetPCLK1Freq
 .text.HAL_RCC_GetPCLK2Freq
                0x0000000008005c10       0x28 Drivers/STM32F1xx_HAL_Driver/Src/stm32f1xx_hal_rcc.o
                0x0000000008005c10                HAL_RCC_GetPCLK2Freq
 .text.RCC_Delay
                0x0000000008005c38       0x3c Drivers/STM32F1xx_HAL_Driver/Src/stm32f1xx_hal_rcc.o
 .text.HAL_SPI_Init
                0x0000000008005c74      0x108 Drivers/STM32F1xx_HAL_Driver/Src/stm32f1xx_hal_spi.o
                0x0000000008005c74                HAL_SPI_Init
 .text.HAL_SPI_Transmit
                0x0000000008005d7c      0x278 Drivers/STM32F1xx_HAL_Driver/Src/stm32f1xx_hal_spi.o
                0x0000000008005d7c                HAL_SPI_Transmit
 .text.HAL_SPI_Receive
                0x0000000008005ff4      0x222 Drivers/STM32F1xx_HAL_Driver/Src/stm32f1xx_hal_spi.o
                0x0000000008005ff4                HAL_SPI_Receive
 .text.HAL_SPI_TransmitReceive
                0x0000000008006216      0x344 Drivers/STM32F1xx_HAL_Driver/Src/stm32f1xx_hal_spi.o
                0x0000000008006216                HAL_SPI_TransmitReceive
 *fill*         0x000000000800655a        0x2 
 .text.SPI_WaitFlagStateUntilTimeout
                0x000000000800655c      0x110 Drivers/STM32F1xx_HAL_Driver/Src/stm32f1xx_hal_spi.o
 .text.SPI_EndRxTransaction
                0x000000000800666c       0xa4 Drivers/STM32F1xx_HAL_Driver/Src/stm32f1xx_hal_spi.o
 .text.SPI_EndRxTxTransaction
                0x0000000008006710       0x3c Drivers/STM32F1xx_HAL_Driver/Src/stm32f1xx_hal_spi.o
 .text.HAL_TIM_Base_Init
                0x000000000800674c       0x9e Drivers/STM32F1xx_HAL_Driver/Src/stm32f1xx_hal_tim.o
                0x000000000800674c                HAL_TIM_Base_Init
 *fill*         0x00000000080067ea        0x2 
 .text.HAL_TIM_Base_Start
                0x00000000080067ec       0x94 Drivers/STM32F1xx_HAL_Driver/Src/stm32f1xx_hal_tim.o
                0x00000000080067ec                HAL_TIM_Base_Start
 .text.HAL_TIM_Base_Stop
                0x0000000008006880       0x4c Drivers/STM32F1xx_HAL_Driver/Src/stm32f1xx_hal_tim.o
                0x0000000008006880                HAL_TIM_Base_Stop
 .text.HAL_TIM_ConfigClockSource
                0x00000000080068cc      0x16e Drivers/STM32F1xx_HAL_Driver/Src/stm32f1xx_hal_tim.o
                0x00000000080068cc                HAL_TIM_ConfigClockSource
 *fill*         0x0000000008006a3a        0x2 
 .text.TIM_Base_SetConfig
                0x0000000008006a3c       0xc4 Drivers/STM32F1xx_HAL_Driver/Src/stm32f1xx_hal_tim.o
                0x0000000008006a3c                TIM_Base_SetConfig
 .text.TIM_TI1_ConfigInputStage
                0x0000000008006b00       0x5c Drivers/STM32F1xx_HAL_Driver/Src/stm32f1xx_hal_tim.o
 .text.TIM_TI2_ConfigInputStage
                0x0000000008006b5c       0x5e Drivers/STM32F1xx_HAL_Driver/Src/stm32f1xx_hal_tim.o
 .text.TIM_ITRx_SetConfig
                0x0000000008006bba       0x34 Drivers/STM32F1xx_HAL_Driver/Src/stm32f1xx_hal_tim.o
 .text.TIM_ETR_SetConfig
                0x0000000008006bee       0x3e Drivers/STM32F1xx_HAL_Driver/Src/stm32f1xx_hal_tim.o
                0x0000000008006bee                TIM_ETR_SetConfig
 .text.HAL_TIMEx_MasterConfigSynchronization
                0x0000000008006c2c       0xbc Drivers/STM32F1xx_HAL_Driver/Src/stm32f1xx_hal_tim_ex.o
                0x0000000008006c2c                HAL_TIMEx_MasterConfigSynchronization
 .text.HAL_UART_Init
                0x0000000008006ce8       0x9a Drivers/STM32F1xx_HAL_Driver/Src/stm32f1xx_hal_uart.o
                0x0000000008006ce8                HAL_UART_Init
 .text.HAL_UART_Transmit
                0x0000000008006d82      0x124 Drivers/STM32F1xx_HAL_Driver/Src/stm32f1xx_hal_uart.o
                0x0000000008006d82                HAL_UART_Transmit
 *fill*         0x0000000008006ea6        0x2 
 .text.HAL_UART_IRQHandler
                0x0000000008006ea8      0x200 Drivers/STM32F1xx_HAL_Driver/Src/stm32f1xx_hal_uart.o
                0x0000000008006ea8                HAL_UART_IRQHandler
 .text.HAL_UART_TxCpltCallback
                0x00000000080070a8       0x12 Drivers/STM32F1xx_HAL_Driver/Src/stm32f1xx_hal_uart.o
                0x00000000080070a8                HAL_UART_TxCpltCallback
 .text.HAL_UART_RxCpltCallback
                0x00000000080070ba       0x12 Drivers/STM32F1xx_HAL_Driver/Src/stm32f1xx_hal_uart.o
                0x00000000080070ba                HAL_UART_RxCpltCallback
 .text.HAL_UART_ErrorCallback
                0x00000000080070cc       0x12 Drivers/STM32F1xx_HAL_Driver/Src/stm32f1xx_hal_uart.o
                0x00000000080070cc                HAL_UART_ErrorCallback
 .text.UART_WaitOnFlagUntilTimeout
                0x00000000080070de       0x94 Drivers/STM32F1xx_HAL_Driver/Src/stm32f1xx_hal_uart.o
 .text.UART_EndRxTransfer
                0x0000000008007172       0x3a Drivers/STM32F1xx_HAL_Driver/Src/stm32f1xx_hal_uart.o
 .text.UART_DMAAbortOnError
                0x00000000080071ac       0x28 Drivers/STM32F1xx_HAL_Driver/Src/stm32f1xx_hal_uart.o
 .text.UART_Transmit_IT
                0x00000000080071d4       0x9e Drivers/STM32F1xx_HAL_Driver/Src/stm32f1xx_hal_uart.o
 .text.UART_EndTransmit_IT
                0x0000000008007272       0x30 Drivers/STM32F1xx_HAL_Driver/Src/stm32f1xx_hal_uart.o
 .text.UART_Receive_IT
                0x00000000080072a2      0x100 Drivers/STM32F1xx_HAL_Driver/Src/stm32f1xx_hal_uart.o
 *fill*         0x00000000080073a2        0x2 
 .text.UART_SetConfig
                0x00000000080073a4      0x11c Drivers/STM32F1xx_HAL_Driver/Src/stm32f1xx_hal_uart.o
 .text.__errno  0x00000000080074c0        0xc /opt/st/stm32cubeide_1.5.1/plugins/com.st.stm32cube.ide.mcu.externaltools.gnu-tools-for-stm32.7-2018-q2-update.linux64_1.5.0.202011040924/tools/bin/../lib/gcc/arm-none-eabi/7.3.1/../../../../arm-none-eabi/lib/thumb/v7-m/libc_nano.a(lib_a-errno.o)
                0x00000000080074c0                __errno
 .text.__libc_init_array
                0x00000000080074cc       0x48 /opt/st/stm32cubeide_1.5.1/plugins/com.st.stm32cube.ide.mcu.externaltools.gnu-tools-for-stm32.7-2018-q2-update.linux64_1.5.0.202011040924/tools/bin/../lib/gcc/arm-none-eabi/7.3.1/../../../../arm-none-eabi/lib/thumb/v7-m/libc_nano.a(lib_a-init.o)
                0x00000000080074cc                __libc_init_array
 .text.malloc   0x0000000008007514       0x10 /opt/st/stm32cubeide_1.5.1/plugins/com.st.stm32cube.ide.mcu.externaltools.gnu-tools-for-stm32.7-2018-q2-update.linux64_1.5.0.202011040924/tools/bin/../lib/gcc/arm-none-eabi/7.3.1/../../../../arm-none-eabi/lib/thumb/v7-m/libc_nano.a(lib_a-malloc.o)
                0x0000000008007514                malloc
 .text.memset   0x0000000008007524       0x10 /opt/st/stm32cubeide_1.5.1/plugins/com.st.stm32cube.ide.mcu.externaltools.gnu-tools-for-stm32.7-2018-q2-update.linux64_1.5.0.202011040924/tools/bin/../lib/gcc/arm-none-eabi/7.3.1/../../../../arm-none-eabi/lib/thumb/v7-m/libc_nano.a(lib_a-memset.o)
                0x0000000008007524                memset
 .text._free_r  0x0000000008007534       0x98 /opt/st/stm32cubeide_1.5.1/plugins/com.st.stm32cube.ide.mcu.externaltools.gnu-tools-for-stm32.7-2018-q2-update.linux64_1.5.0.202011040924/tools/bin/../lib/gcc/arm-none-eabi/7.3.1/../../../../arm-none-eabi/lib/thumb/v7-m/libc_nano.a(lib_a-nano-freer.o)
                0x0000000008007534                _free_r
 .text._malloc_r
                0x00000000080075cc       0xb4 /opt/st/stm32cubeide_1.5.1/plugins/com.st.stm32cube.ide.mcu.externaltools.gnu-tools-for-stm32.7-2018-q2-update.linux64_1.5.0.202011040924/tools/bin/../lib/gcc/arm-none-eabi/7.3.1/../../../../arm-none-eabi/lib/thumb/v7-m/libc_nano.a(lib_a-nano-mallocr.o)
                0x00000000080075cc                _malloc_r
 .text.__cvt    0x0000000008007680       0xb8 /opt/st/stm32cubeide_1.5.1/plugins/com.st.stm32cube.ide.mcu.externaltools.gnu-tools-for-stm32.7-2018-q2-update.linux64_1.5.0.202011040924/tools/bin/../lib/gcc/arm-none-eabi/7.3.1/../../../../arm-none-eabi/lib/thumb/v7-m/libc_nano.a(lib_a-nano-vfprintf_float.o)
                0x0000000008007680                __cvt
 .text.__exponent
                0x0000000008007738       0x6a /opt/st/stm32cubeide_1.5.1/plugins/com.st.stm32cube.ide.mcu.externaltools.gnu-tools-for-stm32.7-2018-q2-update.linux64_1.5.0.202011040924/tools/bin/../lib/gcc/arm-none-eabi/7.3.1/../../../../arm-none-eabi/lib/thumb/v7-m/libc_nano.a(lib_a-nano-vfprintf_float.o)
                0x0000000008007738                __exponent
 *fill*         0x00000000080077a2        0x2 
 .text._printf_float
                0x00000000080077a4      0x46c /opt/st/stm32cubeide_1.5.1/plugins/com.st.stm32cube.ide.mcu.externaltools.gnu-tools-for-stm32.7-2018-q2-update.linux64_1.5.0.202011040924/tools/bin/../lib/gcc/arm-none-eabi/7.3.1/../../../../arm-none-eabi/lib/thumb/v7-m/libc_nano.a(lib_a-nano-vfprintf_float.o)
                0x00000000080077a4                _printf_float
 .text._printf_common
                0x0000000008007c10       0xec /opt/st/stm32cubeide_1.5.1/plugins/com.st.stm32cube.ide.mcu.externaltools.gnu-tools-for-stm32.7-2018-q2-update.linux64_1.5.0.202011040924/tools/bin/../lib/gcc/arm-none-eabi/7.3.1/../../../../arm-none-eabi/lib/thumb/v7-m/libc_nano.a(lib_a-nano-vfprintf_i.o)
                0x0000000008007c10                _printf_common
 .text._printf_i
                0x0000000008007cfc      0x224 /opt/st/stm32cubeide_1.5.1/plugins/com.st.stm32cube.ide.mcu.externaltools.gnu-tools-for-stm32.7-2018-q2-update.linux64_1.5.0.202011040924/tools/bin/../lib/gcc/arm-none-eabi/7.3.1/../../../../arm-none-eabi/lib/thumb/v7-m/libc_nano.a(lib_a-nano-vfprintf_i.o)
                0x0000000008007cfc                _printf_i
 .text._scanf_float
                0x0000000008007f20      0x3c0 /opt/st/stm32cubeide_1.5.1/plugins/com.st.stm32cube.ide.mcu.externaltools.gnu-tools-for-stm32.7-2018-q2-update.linux64_1.5.0.202011040924/tools/bin/../lib/gcc/arm-none-eabi/7.3.1/../../../../arm-none-eabi/lib/thumb/v7-m/libc_nano.a(lib_a-nano-vfscanf_float.o)
                0x0000000008007f20                _scanf_float
 .text._sbrk_r  0x00000000080082e0       0x20 /opt/st/stm32cubeide_1.5.1/plugins/com.st.stm32cube.ide.mcu.externaltools.gnu-tools-for-stm32.7-2018-q2-update.linux64_1.5.0.202011040924/tools/bin/../lib/gcc/arm-none-eabi/7.3.1/../../../../arm-none-eabi/lib/thumb/v7-m/libc_nano.a(lib_a-sbrkr.o)
                0x00000000080082e0                _sbrk_r
 .text.nanf     0x0000000008008300        0x8 /opt/st/stm32cubeide_1.5.1/plugins/com.st.stm32cube.ide.mcu.externaltools.gnu-tools-for-stm32.7-2018-q2-update.linux64_1.5.0.202011040924/tools/bin/../lib/gcc/arm-none-eabi/7.3.1/../../../../arm-none-eabi/lib/thumb/v7-m/libc_nano.a(lib_a-sf_nan.o)
                0x0000000008008300                nanf
 .text.sprintf  0x0000000008008308       0x40 /opt/st/stm32cubeide_1.5.1/plugins/com.st.stm32cube.ide.mcu.externaltools.gnu-tools-for-stm32.7-2018-q2-update.linux64_1.5.0.202011040924/tools/bin/../lib/gcc/arm-none-eabi/7.3.1/../../../../arm-none-eabi/lib/thumb/v7-m/libc_nano.a(lib_a-sprintf.o)
                0x0000000008008308                sprintf
                0x0000000008008308                siprintf
 .text.unlikely.sulp
                0x0000000008008348       0x42 /opt/st/stm32cubeide_1.5.1/plugins/com.st.stm32cube.ide.mcu.externaltools.gnu-tools-for-stm32.7-2018-q2-update.linux64_1.5.0.202011040924/tools/bin/../lib/gcc/arm-none-eabi/7.3.1/../../../../arm-none-eabi/lib/thumb/v7-m/libc_nano.a(lib_a-strtod.o)
 *fill*         0x000000000800838a        0x6 
 .text._strtod_l
                0x0000000008008390      0xc00 /opt/st/stm32cubeide_1.5.1/plugins/com.st.stm32cube.ide.mcu.externaltools.gnu-tools-for-stm32.7-2018-q2-update.linux64_1.5.0.202011040924/tools/bin/../lib/gcc/arm-none-eabi/7.3.1/../../../../arm-none-eabi/lib/thumb/v7-m/libc_nano.a(lib_a-strtod.o)
                0x0000000008008390                _strtod_l
 .text._strtod_r
                0x0000000008008f90       0x20 /opt/st/stm32cubeide_1.5.1/plugins/com.st.stm32cube.ide.mcu.externaltools.gnu-tools-for-stm32.7-2018-q2-update.linux64_1.5.0.202011040924/tools/bin/../lib/gcc/arm-none-eabi/7.3.1/../../../../arm-none-eabi/lib/thumb/v7-m/libc_nano.a(lib_a-strtod.o)
                0x0000000008008f90                _strtod_r
 .text._strtol_l.isra.0
                0x0000000008008fb0       0xf6 /opt/st/stm32cubeide_1.5.1/plugins/com.st.stm32cube.ide.mcu.externaltools.gnu-tools-for-stm32.7-2018-q2-update.linux64_1.5.0.202011040924/tools/bin/../lib/gcc/arm-none-eabi/7.3.1/../../../../arm-none-eabi/lib/thumb/v7-m/libc_nano.a(lib_a-strtol.o)
 *fill*         0x00000000080090a6        0x2 
 .text._strtol_r
                0x00000000080090a8       0x24 /opt/st/stm32cubeide_1.5.1/plugins/com.st.stm32cube.ide.mcu.externaltools.gnu-tools-for-stm32.7-2018-q2-update.linux64_1.5.0.202011040924/tools/bin/../lib/gcc/arm-none-eabi/7.3.1/../../../../arm-none-eabi/lib/thumb/v7-m/libc_nano.a(lib_a-strtol.o)
                0x00000000080090a8                _strtol_r
 .text.quorem   0x00000000080090cc      0x11c /opt/st/stm32cubeide_1.5.1/plugins/com.st.stm32cube.ide.mcu.externaltools.gnu-tools-for-stm32.7-2018-q2-update.linux64_1.5.0.202011040924/tools/bin/../lib/gcc/arm-none-eabi/7.3.1/../../../../arm-none-eabi/lib/thumb/v7-m/libc_nano.a(lib_a-dtoa.o)
 .text._dtoa_r  0x00000000080091e8      0xb68 /opt/st/stm32cubeide_1.5.1/plugins/com.st.stm32cube.ide.mcu.externaltools.gnu-tools-for-stm32.7-2018-q2-update.linux64_1.5.0.202011040924/tools/bin/../lib/gcc/arm-none-eabi/7.3.1/../../../../arm-none-eabi/lib/thumb/v7-m/libc_nano.a(lib_a-dtoa.o)
                0x00000000080091e8                _dtoa_r
 .text.rshift   0x0000000008009d50       0x76 /opt/st/stm32cubeide_1.5.1/plugins/com.st.stm32cube.ide.mcu.externaltools.gnu-tools-for-stm32.7-2018-q2-update.linux64_1.5.0.202011040924/tools/bin/../lib/gcc/arm-none-eabi/7.3.1/../../../../arm-none-eabi/lib/thumb/v7-m/libc_nano.a(lib_a-gdtoa-gethex.o)
 .text.__hexdig_fun
                0x0000000008009dc6       0x2a /opt/st/stm32cubeide_1.5.1/plugins/com.st.stm32cube.ide.mcu.externaltools.gnu-tools-for-stm32.7-2018-q2-update.linux64_1.5.0.202011040924/tools/bin/../lib/gcc/arm-none-eabi/7.3.1/../../../../arm-none-eabi/lib/thumb/v7-m/libc_nano.a(lib_a-gdtoa-gethex.o)
                0x0000000008009dc6                __hexdig_fun
 .text.__gethex
                0x0000000008009df0      0x444 /opt/st/stm32cubeide_1.5.1/plugins/com.st.stm32cube.ide.mcu.externaltools.gnu-tools-for-stm32.7-2018-q2-update.linux64_1.5.0.202011040924/tools/bin/../lib/gcc/arm-none-eabi/7.3.1/../../../../arm-none-eabi/lib/thumb/v7-m/libc_nano.a(lib_a-gdtoa-gethex.o)
                0x0000000008009df0                __gethex
 .text.L_shift  0x000000000800a234       0x24 /opt/st/stm32cubeide_1.5.1/plugins/com.st.stm32cube.ide.mcu.externaltools.gnu-tools-for-stm32.7-2018-q2-update.linux64_1.5.0.202011040924/tools/bin/../lib/gcc/arm-none-eabi/7.3.1/../../../../arm-none-eabi/lib/thumb/v7-m/libc_nano.a(lib_a-gdtoa-hexnan.o)
 .text.__match  0x000000000800a258       0x28 /opt/st/stm32cubeide_1.5.1/plugins/com.st.stm32cube.ide.mcu.externaltools.gnu-tools-for-stm32.7-2018-q2-update.linux64_1.5.0.202011040924/tools/bin/../lib/gcc/arm-none-eabi/7.3.1/../../../../arm-none-eabi/lib/thumb/v7-m/libc_nano.a(lib_a-gdtoa-hexnan.o)
                0x000000000800a258                __match
 .text.__hexnan
                0x000000000800a280      0x120 /opt/st/stm32cubeide_1.5.1/plugins/com.st.stm32cube.ide.mcu.externaltools.gnu-tools-for-stm32.7-2018-q2-update.linux64_1.5.0.202011040924/tools/bin/../lib/gcc/arm-none-eabi/7.3.1/../../../../arm-none-eabi/lib/thumb/v7-m/libc_nano.a(lib_a-gdtoa-hexnan.o)
                0x000000000800a280                __hexnan
 .text.__locale_ctype_ptr_l
                0x000000000800a3a0        0x6 /opt/st/stm32cubeide_1.5.1/plugins/com.st.stm32cube.ide.mcu.externaltools.gnu-tools-for-stm32.7-2018-q2-update.linux64_1.5.0.202011040924/tools/bin/../lib/gcc/arm-none-eabi/7.3.1/../../../../arm-none-eabi/lib/thumb/v7-m/libc_nano.a(lib_a-locale.o)
                0x000000000800a3a0                __locale_ctype_ptr_l
 .text.__localeconv_l
                0x000000000800a3a6        0x4 /opt/st/stm32cubeide_1.5.1/plugins/com.st.stm32cube.ide.mcu.externaltools.gnu-tools-for-stm32.7-2018-q2-update.linux64_1.5.0.202011040924/tools/bin/../lib/gcc/arm-none-eabi/7.3.1/../../../../arm-none-eabi/lib/thumb/v7-m/libc_nano.a(lib_a-localeconv.o)
                0x000000000800a3a6                __localeconv_l
 *fill*         0x000000000800a3aa        0x2 
 .text._localeconv_r
                0x000000000800a3ac       0x1c /opt/st/stm32cubeide_1.5.1/plugins/com.st.stm32cube.ide.mcu.externaltools.gnu-tools-for-stm32.7-2018-q2-update.linux64_1.5.0.202011040924/tools/bin/../lib/gcc/arm-none-eabi/7.3.1/../../../../arm-none-eabi/lib/thumb/v7-m/libc_nano.a(lib_a-localeconv.o)
                0x000000000800a3ac                _localeconv_r
 .text.__ascii_mbtowc
                0x000000000800a3c8       0x24 /opt/st/stm32cubeide_1.5.1/plugins/com.st.stm32cube.ide.mcu.externaltools.gnu-tools-for-stm32.7-2018-q2-update.linux64_1.5.0.202011040924/tools/bin/../lib/gcc/arm-none-eabi/7.3.1/../../../../arm-none-eabi/lib/thumb/v7-m/libc_nano.a(lib_a-mbtowc_r.o)
                0x000000000800a3c8                __ascii_mbtowc
 .text.memchr   0x000000000800a3ec       0x1c /opt/st/stm32cubeide_1.5.1/plugins/com.st.stm32cube.ide.mcu.externaltools.gnu-tools-for-stm32.7-2018-q2-update.linux64_1.5.0.202011040924/tools/bin/../lib/gcc/arm-none-eabi/7.3.1/../../../../arm-none-eabi/lib/thumb/v7-m/libc_nano.a(lib_a-memchr-stub.o)
                0x000000000800a3ec                memchr
 .text.memcpy   0x000000000800a408       0x16 /opt/st/stm32cubeide_1.5.1/plugins/com.st.stm32cube.ide.mcu.externaltools.gnu-tools-for-stm32.7-2018-q2-update.linux64_1.5.0.202011040924/tools/bin/../lib/gcc/arm-none-eabi/7.3.1/../../../../arm-none-eabi/lib/thumb/v7-m/libc_nano.a(lib_a-memcpy-stub.o)
                0x000000000800a408                memcpy
 .text.__malloc_lock
                0x000000000800a41e        0x2 /opt/st/stm32cubeide_1.5.1/plugins/com.st.stm32cube.ide.mcu.externaltools.gnu-tools-for-stm32.7-2018-q2-update.linux64_1.5.0.202011040924/tools/bin/../lib/gcc/arm-none-eabi/7.3.1/../../../../arm-none-eabi/lib/thumb/v7-m/libc_nano.a(lib_a-mlock.o)
                0x000000000800a41e                __malloc_lock
 .text.__malloc_unlock
                0x000000000800a420        0x2 /opt/st/stm32cubeide_1.5.1/plugins/com.st.stm32cube.ide.mcu.externaltools.gnu-tools-for-stm32.7-2018-q2-update.linux64_1.5.0.202011040924/tools/bin/../lib/gcc/arm-none-eabi/7.3.1/../../../../arm-none-eabi/lib/thumb/v7-m/libc_nano.a(lib_a-mlock.o)
                0x000000000800a420                __malloc_unlock
 .text._Balloc  0x000000000800a422       0x68 /opt/st/stm32cubeide_1.5.1/plugins/com.st.stm32cube.ide.mcu.externaltools.gnu-tools-for-stm32.7-2018-q2-update.linux64_1.5.0.202011040924/tools/bin/../lib/gcc/arm-none-eabi/7.3.1/../../../../arm-none-eabi/lib/thumb/v7-m/libc_nano.a(lib_a-mprec.o)
                0x000000000800a422                _Balloc
 .text._Bfree   0x000000000800a48a       0x2e /opt/st/stm32cubeide_1.5.1/plugins/com.st.stm32cube.ide.mcu.externaltools.gnu-tools-for-stm32.7-2018-q2-update.linux64_1.5.0.202011040924/tools/bin/../lib/gcc/arm-none-eabi/7.3.1/../../../../arm-none-eabi/lib/thumb/v7-m/libc_nano.a(lib_a-mprec.o)
                0x000000000800a48a                _Bfree
 .text.__multadd
                0x000000000800a4b8       0x76 /opt/st/stm32cubeide_1.5.1/plugins/com.st.stm32cube.ide.mcu.externaltools.gnu-tools-for-stm32.7-2018-q2-update.linux64_1.5.0.202011040924/tools/bin/../lib/gcc/arm-none-eabi/7.3.1/../../../../arm-none-eabi/lib/thumb/v7-m/libc_nano.a(lib_a-mprec.o)
                0x000000000800a4b8                __multadd
 .text.__s2b    0x000000000800a52e       0x7c /opt/st/stm32cubeide_1.5.1/plugins/com.st.stm32cube.ide.mcu.externaltools.gnu-tools-for-stm32.7-2018-q2-update.linux64_1.5.0.202011040924/tools/bin/../lib/gcc/arm-none-eabi/7.3.1/../../../../arm-none-eabi/lib/thumb/v7-m/libc_nano.a(lib_a-mprec.o)
                0x000000000800a52e                __s2b
 .text.__hi0bits
                0x000000000800a5aa       0x3e /opt/st/stm32cubeide_1.5.1/plugins/com.st.stm32cube.ide.mcu.externaltools.gnu-tools-for-stm32.7-2018-q2-update.linux64_1.5.0.202011040924/tools/bin/../lib/gcc/arm-none-eabi/7.3.1/../../../../arm-none-eabi/lib/thumb/v7-m/libc_nano.a(lib_a-mprec.o)
                0x000000000800a5aa                __hi0bits
 .text.__lo0bits
                0x000000000800a5e8       0x5e /opt/st/stm32cubeide_1.5.1/plugins/com.st.stm32cube.ide.mcu.externaltools.gnu-tools-for-stm32.7-2018-q2-update.linux64_1.5.0.202011040924/tools/bin/../lib/gcc/arm-none-eabi/7.3.1/../../../../arm-none-eabi/lib/thumb/v7-m/libc_nano.a(lib_a-mprec.o)
                0x000000000800a5e8                __lo0bits
 .text.__i2b    0x000000000800a646       0x12 /opt/st/stm32cubeide_1.5.1/plugins/com.st.stm32cube.ide.mcu.externaltools.gnu-tools-for-stm32.7-2018-q2-update.linux64_1.5.0.202011040924/tools/bin/../lib/gcc/arm-none-eabi/7.3.1/../../../../arm-none-eabi/lib/thumb/v7-m/libc_nano.a(lib_a-mprec.o)
                0x000000000800a646                __i2b
 .text.__multiply
                0x000000000800a658      0x12a /opt/st/stm32cubeide_1.5.1/plugins/com.st.stm32cube.ide.mcu.externaltools.gnu-tools-for-stm32.7-2018-q2-update.linux64_1.5.0.202011040924/tools/bin/../lib/gcc/arm-none-eabi/7.3.1/../../../../arm-none-eabi/lib/thumb/v7-m/libc_nano.a(lib_a-mprec.o)
                0x000000000800a658                __multiply
 *fill*         0x000000000800a782        0x2 
 .text.__pow5mult
                0x000000000800a784       0x9c /opt/st/stm32cubeide_1.5.1/plugins/com.st.stm32cube.ide.mcu.externaltools.gnu-tools-for-stm32.7-2018-q2-update.linux64_1.5.0.202011040924/tools/bin/../lib/gcc/arm-none-eabi/7.3.1/../../../../arm-none-eabi/lib/thumb/v7-m/libc_nano.a(lib_a-mprec.o)
                0x000000000800a784                __pow5mult
 .text.__lshift
                0x000000000800a820       0xa8 /opt/st/stm32cubeide_1.5.1/plugins/com.st.stm32cube.ide.mcu.externaltools.gnu-tools-for-stm32.7-2018-q2-update.linux64_1.5.0.202011040924/tools/bin/../lib/gcc/arm-none-eabi/7.3.1/../../../../arm-none-eabi/lib/thumb/v7-m/libc_nano.a(lib_a-mprec.o)
                0x000000000800a820                __lshift
 .text.__mcmp   0x000000000800a8c8       0x34 /opt/st/stm32cubeide_1.5.1/plugins/com.st.stm32cube.ide.mcu.externaltools.gnu-tools-for-stm32.7-2018-q2-update.linux64_1.5.0.202011040924/tools/bin/../lib/gcc/arm-none-eabi/7.3.1/../../../../arm-none-eabi/lib/thumb/v7-m/libc_nano.a(lib_a-mprec.o)
                0x000000000800a8c8                __mcmp
 .text.__mdiff  0x000000000800a8fc       0xbc /opt/st/stm32cubeide_1.5.1/plugins/com.st.stm32cube.ide.mcu.externaltools.gnu-tools-for-stm32.7-2018-q2-update.linux64_1.5.0.202011040924/tools/bin/../lib/gcc/arm-none-eabi/7.3.1/../../../../arm-none-eabi/lib/thumb/v7-m/libc_nano.a(lib_a-mprec.o)
                0x000000000800a8fc                __mdiff
 .text.__ulp    0x000000000800a9b8       0x48 /opt/st/stm32cubeide_1.5.1/plugins/com.st.stm32cube.ide.mcu.externaltools.gnu-tools-for-stm32.7-2018-q2-update.linux64_1.5.0.202011040924/tools/bin/../lib/gcc/arm-none-eabi/7.3.1/../../../../arm-none-eabi/lib/thumb/v7-m/libc_nano.a(lib_a-mprec.o)
                0x000000000800a9b8                __ulp
 .text.__b2d    0x000000000800aa00       0xa4 /opt/st/stm32cubeide_1.5.1/plugins/com.st.stm32cube.ide.mcu.externaltools.gnu-tools-for-stm32.7-2018-q2-update.linux64_1.5.0.202011040924/tools/bin/../lib/gcc/arm-none-eabi/7.3.1/../../../../arm-none-eabi/lib/thumb/v7-m/libc_nano.a(lib_a-mprec.o)
                0x000000000800aa00                __b2d
 .text.__d2b    0x000000000800aaa4       0x9e /opt/st/stm32cubeide_1.5.1/plugins/com.st.stm32cube.ide.mcu.externaltools.gnu-tools-for-stm32.7-2018-q2-update.linux64_1.5.0.202011040924/tools/bin/../lib/gcc/arm-none-eabi/7.3.1/../../../../arm-none-eabi/lib/thumb/v7-m/libc_nano.a(lib_a-mprec.o)
                0x000000000800aaa4                __d2b
 .text.__ratio  0x000000000800ab42       0x5c /opt/st/stm32cubeide_1.5.1/plugins/com.st.stm32cube.ide.mcu.externaltools.gnu-tools-for-stm32.7-2018-q2-update.linux64_1.5.0.202011040924/tools/bin/../lib/gcc/arm-none-eabi/7.3.1/../../../../arm-none-eabi/lib/thumb/v7-m/libc_nano.a(lib_a-mprec.o)
                0x000000000800ab42                __ratio
 .text.__copybits
                0x000000000800ab9e       0x34 /opt/st/stm32cubeide_1.5.1/plugins/com.st.stm32cube.ide.mcu.externaltools.gnu-tools-for-stm32.7-2018-q2-update.linux64_1.5.0.202011040924/tools/bin/../lib/gcc/arm-none-eabi/7.3.1/../../../../arm-none-eabi/lib/thumb/v7-m/libc_nano.a(lib_a-mprec.o)
                0x000000000800ab9e                __copybits
 .text.__any_on
                0x000000000800abd2       0x42 /opt/st/stm32cubeide_1.5.1/plugins/com.st.stm32cube.ide.mcu.externaltools.gnu-tools-for-stm32.7-2018-q2-update.linux64_1.5.0.202011040924/tools/bin/../lib/gcc/arm-none-eabi/7.3.1/../../../../arm-none-eabi/lib/thumb/v7-m/libc_nano.a(lib_a-mprec.o)
                0x000000000800abd2                __any_on
 .text._calloc_r
                0x000000000800ac14       0x1c /opt/st/stm32cubeide_1.5.1/plugins/com.st.stm32cube.ide.mcu.externaltools.gnu-tools-for-stm32.7-2018-q2-update.linux64_1.5.0.202011040924/tools/bin/../lib/gcc/arm-none-eabi/7.3.1/../../../../arm-none-eabi/lib/thumb/v7-m/libc_nano.a(lib_a-nano-callocr.o)
                0x000000000800ac14                _calloc_r
 .text.__ssputs_r
                0x000000000800ac30       0xb4 /opt/st/stm32cubeide_1.5.1/plugins/com.st.stm32cube.ide.mcu.externaltools.gnu-tools-for-stm32.7-2018-q2-update.linux64_1.5.0.202011040924/tools/bin/../lib/gcc/arm-none-eabi/7.3.1/../../../../arm-none-eabi/lib/thumb/v7-m/libc_nano.a(lib_a-nano-svfprintf.o)
                0x000000000800ac30                __ssputs_r
 .text._svfprintf_r
                0x000000000800ace4      0x1f0 /opt/st/stm32cubeide_1.5.1/plugins/com.st.stm32cube.ide.mcu.externaltools.gnu-tools-for-stm32.7-2018-q2-update.linux64_1.5.0.202011040924/tools/bin/../lib/gcc/arm-none-eabi/7.3.1/../../../../arm-none-eabi/lib/thumb/v7-m/libc_nano.a(lib_a-nano-svfprintf.o)
                0x000000000800ace4                _svfprintf_r
                0x000000000800ace4                _svfiprintf_r
 .text.strncmp  0x000000000800aed4       0x24 /opt/st/stm32cubeide_1.5.1/plugins/com.st.stm32cube.ide.mcu.externaltools.gnu-tools-for-stm32.7-2018-q2-update.linux64_1.5.0.202011040924/tools/bin/../lib/gcc/arm-none-eabi/7.3.1/../../../../arm-none-eabi/lib/thumb/v7-m/libc_nano.a(lib_a-strncmp.o)
                0x000000000800aed4                strncmp
 .text.__ascii_wctomb
                0x000000000800aef8       0x1a /opt/st/stm32cubeide_1.5.1/plugins/com.st.stm32cube.ide.mcu.externaltools.gnu-tools-for-stm32.7-2018-q2-update.linux64_1.5.0.202011040924/tools/bin/../lib/gcc/arm-none-eabi/7.3.1/../../../../arm-none-eabi/lib/thumb/v7-m/libc_nano.a(lib_a-wctomb_r.o)
                0x000000000800aef8                __ascii_wctomb
 .text.memmove  0x000000000800af12       0x32 /opt/st/stm32cubeide_1.5.1/plugins/com.st.stm32cube.ide.mcu.externaltools.gnu-tools-for-stm32.7-2018-q2-update.linux64_1.5.0.202011040924/tools/bin/../lib/gcc/arm-none-eabi/7.3.1/../../../../arm-none-eabi/lib/thumb/v7-m/libc_nano.a(lib_a-memmove.o)
                0x000000000800af12                memmove
 .text._realloc_r
                0x000000000800af44       0x4c /opt/st/stm32cubeide_1.5.1/plugins/com.st.stm32cube.ide.mcu.externaltools.gnu-tools-for-stm32.7-2018-q2-update.linux64_1.5.0.202011040924/tools/bin/../lib/gcc/arm-none-eabi/7.3.1/../../../../arm-none-eabi/lib/thumb/v7-m/libc_nano.a(lib_a-nano-reallocr.o)
                0x000000000800af44                _realloc_r
 .text._malloc_usable_size_r
                0x000000000800af90       0x10 /opt/st/stm32cubeide_1.5.1/plugins/com.st.stm32cube.ide.mcu.externaltools.gnu-tools-for-stm32.7-2018-q2-update.linux64_1.5.0.202011040924/tools/bin/../lib/gcc/arm-none-eabi/7.3.1/../../../../arm-none-eabi/lib/thumb/v7-m/libc_nano.a(lib_a-nano-msizer.o)
                0x000000000800af90                _malloc_usable_size_r
 .text.sqrt     0x000000000800afa0       0xa8 /opt/st/stm32cubeide_1.5.1/plugins/com.st.stm32cube.ide.mcu.externaltools.gnu-tools-for-stm32.7-2018-q2-update.linux64_1.5.0.202011040924/tools/bin/../lib/gcc/arm-none-eabi/7.3.1/../../../../arm-none-eabi/lib/thumb/v7-m/libm.a(lib_a-w_sqrt.o)
                0x000000000800afa0                sqrt
 .text.asinf    0x000000000800b048       0x9c /opt/st/stm32cubeide_1.5.1/plugins/com.st.stm32cube.ide.mcu.externaltools.gnu-tools-for-stm32.7-2018-q2-update.linux64_1.5.0.202011040924/tools/bin/../lib/gcc/arm-none-eabi/7.3.1/../../../../arm-none-eabi/lib/thumb/v7-m/libm.a(lib_a-wf_asin.o)
                0x000000000800b048                asinf
 .text.atan2f   0x000000000800b0e4        0x4 /opt/st/stm32cubeide_1.5.1/plugins/com.st.stm32cube.ide.mcu.externaltools.gnu-tools-for-stm32.7-2018-q2-update.linux64_1.5.0.202011040924/tools/bin/../lib/gcc/arm-none-eabi/7.3.1/../../../../arm-none-eabi/lib/thumb/v7-m/libm.a(lib_a-wf_atan2.o)
                0x000000000800b0e4                atan2f
 .text.__ieee754_sqrt
                0x000000000800b0e8      0x158 /opt/st/stm32cubeide_1.5.1/plugins/com.st.stm32cube.ide.mcu.externaltools.gnu-tools-for-stm32.7-2018-q2-update.linux64_1.5.0.202011040924/tools/bin/../lib/gcc/arm-none-eabi/7.3.1/../../../../arm-none-eabi/lib/thumb/v7-m/libm.a(lib_a-e_sqrt.o)
                0x000000000800b0e8                __ieee754_sqrt
 .text.__ieee754_asinf
                0x000000000800b240      0x284 /opt/st/stm32cubeide_1.5.1/plugins/com.st.stm32cube.ide.mcu.externaltools.gnu-tools-for-stm32.7-2018-q2-update.linux64_1.5.0.202011040924/tools/bin/../lib/gcc/arm-none-eabi/7.3.1/../../../../arm-none-eabi/lib/thumb/v7-m/libm.a(lib_a-ef_asin.o)
                0x000000000800b240                __ieee754_asinf
 .text.__ieee754_atan2f
                0x000000000800b4c4      0x120 /opt/st/stm32cubeide_1.5.1/plugins/com.st.stm32cube.ide.mcu.externaltools.gnu-tools-for-stm32.7-2018-q2-update.linux64_1.5.0.202011040924/tools/bin/../lib/gcc/arm-none-eabi/7.3.1/../../../../arm-none-eabi/lib/thumb/v7-m/libm.a(lib_a-ef_atan2.o)
                0x000000000800b4c4                __ieee754_atan2f
 .text.__ieee754_sqrtf
                0x000000000800b5e4       0xa6 /opt/st/stm32cubeide_1.5.1/plugins/com.st.stm32cube.ide.mcu.externaltools.gnu-tools-for-stm32.7-2018-q2-update.linux64_1.5.0.202011040924/tools/bin/../lib/gcc/arm-none-eabi/7.3.1/../../../../arm-none-eabi/lib/thumb/v7-m/libm.a(lib_a-ef_sqrt.o)
                0x000000000800b5e4                __ieee754_sqrtf
 .text.matherr  0x000000000800b68a        0x4 /opt/st/stm32cubeide_1.5.1/plugins/com.st.stm32cube.ide.mcu.externaltools.gnu-tools-for-stm32.7-2018-q2-update.linux64_1.5.0.202011040924/tools/bin/../lib/gcc/arm-none-eabi/7.3.1/../../../../arm-none-eabi/lib/thumb/v7-m/libm.a(lib_a-s_matherr.o)
                0x000000000800b68a                matherr
 *fill*         0x000000000800b68e        0x2 
 .text.nan      0x000000000800b690        0xc /opt/st/stm32cubeide_1.5.1/plugins/com.st.stm32cube.ide.mcu.externaltools.gnu-tools-for-stm32.7-2018-q2-update.linux64_1.5.0.202011040924/tools/bin/../lib/gcc/arm-none-eabi/7.3.1/../../../../arm-none-eabi/lib/thumb/v7-m/libm.a(lib_a-s_nan.o)
                0x000000000800b690                nan
 .text.atanf    0x000000000800b69c      0x218 /opt/st/stm32cubeide_1.5.1/plugins/com.st.stm32cube.ide.mcu.externaltools.gnu-tools-for-stm32.7-2018-q2-update.linux64_1.5.0.202011040924/tools/bin/../lib/gcc/arm-none-eabi/7.3.1/../../../../arm-none-eabi/lib/thumb/v7-m/libm.a(lib_a-sf_atan.o)
                0x000000000800b69c                atanf
 .text.fabsf    0x000000000800b8b4        0x6 /opt/st/stm32cubeide_1.5.1/plugins/com.st.stm32cube.ide.mcu.externaltools.gnu-tools-for-stm32.7-2018-q2-update.linux64_1.5.0.202011040924/tools/bin/../lib/gcc/arm-none-eabi/7.3.1/../../../../arm-none-eabi/lib/thumb/v7-m/libm.a(lib_a-sf_fabs.o)
                0x000000000800b8b4                fabsf
 *(.glue_7)
 .glue_7        0x000000000800b8ba        0x0 linker stubs
 *(.glue_7t)
 .glue_7t       0x000000000800b8ba        0x0 linker stubs
 *(.eh_frame)
 *fill*         0x000000000800b8ba        0x2 
 .eh_frame      0x000000000800b8bc        0x0 /opt/st/stm32cubeide_1.5.1/plugins/com.st.stm32cube.ide.mcu.externaltools.gnu-tools-for-stm32.7-2018-q2-update.linux64_1.5.0.202011040924/tools/bin/../lib/gcc/arm-none-eabi/7.3.1/thumb/v7-m/crtbegin.o
 *(.init)
 .init          0x000000000800b8bc        0x4 /opt/st/stm32cubeide_1.5.1/plugins/com.st.stm32cube.ide.mcu.externaltools.gnu-tools-for-stm32.7-2018-q2-update.linux64_1.5.0.202011040924/tools/bin/../lib/gcc/arm-none-eabi/7.3.1/thumb/v7-m/crti.o
                0x000000000800b8bc                _init
 .init          0x000000000800b8c0        0x8 /opt/st/stm32cubeide_1.5.1/plugins/com.st.stm32cube.ide.mcu.externaltools.gnu-tools-for-stm32.7-2018-q2-update.linux64_1.5.0.202011040924/tools/bin/../lib/gcc/arm-none-eabi/7.3.1/thumb/v7-m/crtn.o
 *(.fini)
 .fini          0x000000000800b8c8        0x4 /opt/st/stm32cubeide_1.5.1/plugins/com.st.stm32cube.ide.mcu.externaltools.gnu-tools-for-stm32.7-2018-q2-update.linux64_1.5.0.202011040924/tools/bin/../lib/gcc/arm-none-eabi/7.3.1/thumb/v7-m/crti.o
                0x000000000800b8c8                _fini
 .fini          0x000000000800b8cc        0x8 /opt/st/stm32cubeide_1.5.1/plugins/com.st.stm32cube.ide.mcu.externaltools.gnu-tools-for-stm32.7-2018-q2-update.linux64_1.5.0.202011040924/tools/bin/../lib/gcc/arm-none-eabi/7.3.1/thumb/v7-m/crtn.o
                0x000000000800b8d4                . = ALIGN (0x4)
                0x000000000800b8d4                _etext = .

.vfp11_veneer   0x000000000800b8d4        0x0
 .vfp11_veneer  0x000000000800b8d4        0x0 linker stubs

.v4_bx          0x000000000800b8d4        0x0
 .v4_bx         0x000000000800b8d4        0x0 linker stubs

.iplt           0x000000000800b8d4        0x0
 .iplt          0x000000000800b8d4        0x0 /opt/st/stm32cubeide_1.5.1/plugins/com.st.stm32cube.ide.mcu.externaltools.gnu-tools-for-stm32.7-2018-q2-update.linux64_1.5.0.202011040924/tools/bin/../lib/gcc/arm-none-eabi/7.3.1/thumb/v7-m/crtbegin.o

.rodata         0x000000000800b8d8      0x3c4
                0x000000000800b8d8                . = ALIGN (0x4)
 *(.rodata)
 .rodata        0x000000000800b8d8       0xbc Core/Src/main.o
 .rodata        0x000000000800b994       0x12 Drivers/STM32F1xx_HAL_Driver/Src/stm32f1xx_hal_rcc.o
 *(.rodata*)
 *fill*         0x000000000800b9a6        0x2 
 .rodata.AHBPrescTable
                0x000000000800b9a8       0x10 Core/Src/system_stm32f1xx.o
                0x000000000800b9a8                AHBPrescTable
 .rodata.APBPrescTable
                0x000000000800b9b8        0x8 Core/Src/system_stm32f1xx.o
                0x000000000800b9b8                APBPrescTable
 .rodata._printf_float.str1.1
                0x000000000800b9c0        0xe /opt/st/stm32cubeide_1.5.1/plugins/com.st.stm32cube.ide.mcu.externaltools.gnu-tools-for-stm32.7-2018-q2-update.linux64_1.5.0.202011040924/tools/bin/../lib/gcc/arm-none-eabi/7.3.1/../../../../arm-none-eabi/lib/thumb/v7-m/libc_nano.a(lib_a-nano-vfprintf_float.o)
                                         0x12 (size before relaxing)
 .rodata._printf_i.str1.1
                0x000000000800b9ce       0x22 /opt/st/stm32cubeide_1.5.1/plugins/com.st.stm32cube.ide.mcu.externaltools.gnu-tools-for-stm32.7-2018-q2-update.linux64_1.5.0.202011040924/tools/bin/../lib/gcc/arm-none-eabi/7.3.1/../../../../arm-none-eabi/lib/thumb/v7-m/libc_nano.a(lib_a-nano-vfprintf_i.o)
 .rodata._scanf_float.str1.1
                0x000000000800b9f0        0x5 /opt/st/stm32cubeide_1.5.1/plugins/com.st.stm32cube.ide.mcu.externaltools.gnu-tools-for-stm32.7-2018-q2-update.linux64_1.5.0.202011040924/tools/bin/../lib/gcc/arm-none-eabi/7.3.1/../../../../arm-none-eabi/lib/thumb/v7-m/libc_nano.a(lib_a-nano-vfscanf_float.o)
 .rodata._strtod_l.str1.1
                0x000000000800b9f5        0x5 /opt/st/stm32cubeide_1.5.1/plugins/com.st.stm32cube.ide.mcu.externaltools.gnu-tools-for-stm32.7-2018-q2-update.linux64_1.5.0.202011040924/tools/bin/../lib/gcc/arm-none-eabi/7.3.1/../../../../arm-none-eabi/lib/thumb/v7-m/libc_nano.a(lib_a-strtod.o)
                                          0xc (size before relaxing)
 *fill*         0x000000000800b9f5        0x3 
 .rodata.fpi.6160
                0x000000000800b9f8       0x14 /opt/st/stm32cubeide_1.5.1/plugins/com.st.stm32cube.ide.mcu.externaltools.gnu-tools-for-stm32.7-2018-q2-update.linux64_1.5.0.202011040924/tools/bin/../lib/gcc/arm-none-eabi/7.3.1/../../../../arm-none-eabi/lib/thumb/v7-m/libc_nano.a(lib_a-strtod.o)
 .rodata.fpinan.6196
                0x000000000800ba0c       0x14 /opt/st/stm32cubeide_1.5.1/plugins/com.st.stm32cube.ide.mcu.externaltools.gnu-tools-for-stm32.7-2018-q2-update.linux64_1.5.0.202011040924/tools/bin/../lib/gcc/arm-none-eabi/7.3.1/../../../../arm-none-eabi/lib/thumb/v7-m/libc_nano.a(lib_a-strtod.o)
 .rodata.tinytens
                0x000000000800ba20       0x28 /opt/st/stm32cubeide_1.5.1/plugins/com.st.stm32cube.ide.mcu.externaltools.gnu-tools-for-stm32.7-2018-q2-update.linux64_1.5.0.202011040924/tools/bin/../lib/gcc/arm-none-eabi/7.3.1/../../../../arm-none-eabi/lib/thumb/v7-m/libc_nano.a(lib_a-strtod.o)
 .rodata._dtoa_r.str1.1
                0x000000000800ba48        0xd /opt/st/stm32cubeide_1.5.1/plugins/com.st.stm32cube.ide.mcu.externaltools.gnu-tools-for-stm32.7-2018-q2-update.linux64_1.5.0.202011040924/tools/bin/../lib/gcc/arm-none-eabi/7.3.1/../../../../arm-none-eabi/lib/thumb/v7-m/libc_nano.a(lib_a-dtoa.o)
                                          0xf (size before relaxing)
 .rodata._setlocale_r.str1.1
                0x000000000800ba55        0x8 /opt/st/stm32cubeide_1.5.1/plugins/com.st.stm32cube.ide.mcu.externaltools.gnu-tools-for-stm32.7-2018-q2-update.linux64_1.5.0.202011040924/tools/bin/../lib/gcc/arm-none-eabi/7.3.1/../../../../arm-none-eabi/lib/thumb/v7-m/libc_nano.a(lib_a-locale.o)
                                          0x9 (size before relaxing)
 .rodata.str1.1
                0x000000000800ba5d        0x2 /opt/st/stm32cubeide_1.5.1/plugins/com.st.stm32cube.ide.mcu.externaltools.gnu-tools-for-stm32.7-2018-q2-update.linux64_1.5.0.202011040924/tools/bin/../lib/gcc/arm-none-eabi/7.3.1/../../../../arm-none-eabi/lib/thumb/v7-m/libc_nano.a(lib_a-locale.o)
 *fill*         0x000000000800ba5f        0x1 
 .rodata.__mprec_bigtens
                0x000000000800ba60       0x28 /opt/st/stm32cubeide_1.5.1/plugins/com.st.stm32cube.ide.mcu.externaltools.gnu-tools-for-stm32.7-2018-q2-update.linux64_1.5.0.202011040924/tools/bin/../lib/gcc/arm-none-eabi/7.3.1/../../../../arm-none-eabi/lib/thumb/v7-m/libc_nano.a(lib_a-mprec.o)
                0x000000000800ba60                __mprec_bigtens
 .rodata.__mprec_tens
                0x000000000800ba88       0xc8 /opt/st/stm32cubeide_1.5.1/plugins/com.st.stm32cube.ide.mcu.externaltools.gnu-tools-for-stm32.7-2018-q2-update.linux64_1.5.0.202011040924/tools/bin/../lib/gcc/arm-none-eabi/7.3.1/../../../../arm-none-eabi/lib/thumb/v7-m/libc_nano.a(lib_a-mprec.o)
                0x000000000800ba88                __mprec_tens
 .rodata.p05.6084
                0x000000000800bb50        0xc /opt/st/stm32cubeide_1.5.1/plugins/com.st.stm32cube.ide.mcu.externaltools.gnu-tools-for-stm32.7-2018-q2-update.linux64_1.5.0.202011040924/tools/bin/../lib/gcc/arm-none-eabi/7.3.1/../../../../arm-none-eabi/lib/thumb/v7-m/libc_nano.a(lib_a-mprec.o)
 .rodata._svfprintf_r.str1.1
                0x000000000800bb5c       0x11 /opt/st/stm32cubeide_1.5.1/plugins/com.st.stm32cube.ide.mcu.externaltools.gnu-tools-for-stm32.7-2018-q2-update.linux64_1.5.0.202011040924/tools/bin/../lib/gcc/arm-none-eabi/7.3.1/../../../../arm-none-eabi/lib/thumb/v7-m/libc_nano.a(lib_a-nano-svfprintf.o)
 .rodata._ctype_
                0x000000000800bb6d      0x101 /opt/st/stm32cubeide_1.5.1/plugins/com.st.stm32cube.ide.mcu.externaltools.gnu-tools-for-stm32.7-2018-q2-update.linux64_1.5.0.202011040924/tools/bin/../lib/gcc/arm-none-eabi/7.3.1/../../../../arm-none-eabi/lib/thumb/v7-m/libc_nano.a(lib_a-ctype_.o)
                0x000000000800bb6d                _ctype_
 .rodata.sqrt.str1.1
                0x000000000800bc6e        0x5 /opt/st/stm32cubeide_1.5.1/plugins/com.st.stm32cube.ide.mcu.externaltools.gnu-tools-for-stm32.7-2018-q2-update.linux64_1.5.0.202011040924/tools/bin/../lib/gcc/arm-none-eabi/7.3.1/../../../../arm-none-eabi/lib/thumb/v7-m/libm.a(lib_a-w_sqrt.o)
 .rodata.asinf.str1.1
                0x000000000800bc73        0x6 /opt/st/stm32cubeide_1.5.1/plugins/com.st.stm32cube.ide.mcu.externaltools.gnu-tools-for-stm32.7-2018-q2-update.linux64_1.5.0.202011040924/tools/bin/../lib/gcc/arm-none-eabi/7.3.1/../../../../arm-none-eabi/lib/thumb/v7-m/libm.a(lib_a-wf_asin.o)
                                          0x7 (size before relaxing)
 *fill*         0x000000000800bc79        0x3 
 .rodata.atanhi
                0x000000000800bc7c       0x10 /opt/st/stm32cubeide_1.5.1/plugins/com.st.stm32cube.ide.mcu.externaltools.gnu-tools-for-stm32.7-2018-q2-update.linux64_1.5.0.202011040924/tools/bin/../lib/gcc/arm-none-eabi/7.3.1/../../../../arm-none-eabi/lib/thumb/v7-m/libm.a(lib_a-sf_atan.o)
 .rodata.atanlo
                0x000000000800bc8c       0x10 /opt/st/stm32cubeide_1.5.1/plugins/com.st.stm32cube.ide.mcu.externaltools.gnu-tools-for-stm32.7-2018-q2-update.linux64_1.5.0.202011040924/tools/bin/../lib/gcc/arm-none-eabi/7.3.1/../../../../arm-none-eabi/lib/thumb/v7-m/libm.a(lib_a-sf_atan.o)
                0x000000000800bc9c                . = ALIGN (0x4)

.rel.dyn        0x000000000800bc9c        0x0
 .rel.iplt      0x000000000800bc9c        0x0 /opt/st/stm32cubeide_1.5.1/plugins/com.st.stm32cube.ide.mcu.externaltools.gnu-tools-for-stm32.7-2018-q2-update.linux64_1.5.0.202011040924/tools/bin/../lib/gcc/arm-none-eabi/7.3.1/thumb/v7-m/crtbegin.o

.ARM.extab      0x000000000800bc9c        0x0
                0x000000000800bc9c                . = ALIGN (0x4)
 *(.ARM.extab* .gnu.linkonce.armextab.*)
                0x000000000800bc9c                . = ALIGN (0x4)

.ARM            0x000000000800bc9c        0x0
                0x000000000800bc9c                . = ALIGN (0x4)
                0x000000000800bc9c                __exidx_start = .
 *(.ARM.exidx*)
                0x000000000800bc9c                __exidx_end = .
                0x000000000800bc9c                . = ALIGN (0x4)

.preinit_array  0x000000000800bc9c        0x0
                0x000000000800bc9c                . = ALIGN (0x4)
                0x000000000800bc9c                PROVIDE (__preinit_array_start = .)
 *(.preinit_array*)
                0x000000000800bc9c                PROVIDE (__preinit_array_end = .)
                0x000000000800bc9c                . = ALIGN (0x4)

.init_array     0x000000000800bc9c        0x4
                0x000000000800bc9c                . = ALIGN (0x4)
                0x000000000800bc9c                PROVIDE (__init_array_start = .)
 *(SORT_BY_NAME(.init_array.*))
 *(.init_array*)
 .init_array    0x000000000800bc9c        0x4 /opt/st/stm32cubeide_1.5.1/plugins/com.st.stm32cube.ide.mcu.externaltools.gnu-tools-for-stm32.7-2018-q2-update.linux64_1.5.0.202011040924/tools/bin/../lib/gcc/arm-none-eabi/7.3.1/thumb/v7-m/crtbegin.o
                0x000000000800bca0                PROVIDE (__init_array_end = .)
                0x000000000800bca0                . = ALIGN (0x4)

.fini_array     0x000000000800bca0        0x4
                0x000000000800bca0                . = ALIGN (0x4)
                [!provide]                        PROVIDE (__fini_array_start = .)
 *(SORT_BY_NAME(.fini_array.*))
 *(.fini_array*)
 .fini_array    0x000000000800bca0        0x4 /opt/st/stm32cubeide_1.5.1/plugins/com.st.stm32cube.ide.mcu.externaltools.gnu-tools-for-stm32.7-2018-q2-update.linux64_1.5.0.202011040924/tools/bin/../lib/gcc/arm-none-eabi/7.3.1/thumb/v7-m/crtbegin.o
                [!provide]                        PROVIDE (__fini_array_end = .)
                0x000000000800bca4                . = ALIGN (0x4)
                0x000000000800bca4                _sidata = LOADADDR (.data)

.data           0x0000000020000000      0x200 load address 0x000000000800bca4
                0x0000000020000000                . = ALIGN (0x4)
                0x0000000020000000                _sdata = .
 *(.data)
 *(.data*)
 .data.twoKp    0x0000000020000000        0x4 Core/Src/MahonyAHRS.o
                0x0000000020000000                twoKp
 .data.q0       0x0000000020000004        0x4 Core/Src/MahonyAHRS.o
                0x0000000020000004                q0
 .data.Mmode    0x0000000020000008        0x1 Core/Src/main.o
                0x0000000020000008                Mmode
 *fill*         0x0000000020000009        0x7 
 .data.rad2deg  0x0000000020000010        0x8 Core/Src/main.o
                0x0000000020000010                rad2deg
 .data.mRes     0x0000000020000018        0x4 Core/Src/main.o
                0x0000000020000018                mRes
 .data.dt       0x000000002000001c        0x4 Core/Src/main.o
                0x000000002000001c                dt
 .data.SystemCoreClock
                0x0000000020000020        0x4 Core/Src/system_stm32f1xx.o
                0x0000000020000020                SystemCoreClock
 .data.uwTickPrio
                0x0000000020000024        0x4 Drivers/STM32F1xx_HAL_Driver/Src/stm32f1xx_hal.o
                0x0000000020000024                uwTickPrio
 .data.uwTickFreq
                0x0000000020000028        0x1 Drivers/STM32F1xx_HAL_Driver/Src/stm32f1xx_hal.o
                0x0000000020000028                uwTickFreq
 *fill*         0x0000000020000029        0x3 
 .data._impure_ptr
                0x000000002000002c        0x4 /opt/st/stm32cubeide_1.5.1/plugins/com.st.stm32cube.ide.mcu.externaltools.gnu-tools-for-stm32.7-2018-q2-update.linux64_1.5.0.202011040924/tools/bin/../lib/gcc/arm-none-eabi/7.3.1/../../../../arm-none-eabi/lib/thumb/v7-m/libc_nano.a(lib_a-impure.o)
                0x000000002000002c                _impure_ptr
 .data.impure_data
                0x0000000020000030       0x60 /opt/st/stm32cubeide_1.5.1/plugins/com.st.stm32cube.ide.mcu.externaltools.gnu-tools-for-stm32.7-2018-q2-update.linux64_1.5.0.202011040924/tools/bin/../lib/gcc/arm-none-eabi/7.3.1/../../../../arm-none-eabi/lib/thumb/v7-m/libc_nano.a(lib_a-impure.o)
 .data.__global_locale
                0x0000000020000090      0x16c /opt/st/stm32cubeide_1.5.1/plugins/com.st.stm32cube.ide.mcu.externaltools.gnu-tools-for-stm32.7-2018-q2-update.linux64_1.5.0.202011040924/tools/bin/../lib/gcc/arm-none-eabi/7.3.1/../../../../arm-none-eabi/lib/thumb/v7-m/libc_nano.a(lib_a-locale.o)
                0x0000000020000090                __global_locale
 .data.__fdlib_version
                0x00000000200001fc        0x1 /opt/st/stm32cubeide_1.5.1/plugins/com.st.stm32cube.ide.mcu.externaltools.gnu-tools-for-stm32.7-2018-q2-update.linux64_1.5.0.202011040924/tools/bin/../lib/gcc/arm-none-eabi/7.3.1/../../../../arm-none-eabi/lib/thumb/v7-m/libm.a(lib_a-s_lib_ver.o)
                0x00000000200001fc                __fdlib_version
                0x0000000020000200                . = ALIGN (0x4)
 *fill*         0x00000000200001fd        0x3 
                0x0000000020000200                _edata = .

.igot.plt       0x0000000020000200        0x0 load address 0x000000000800bea4
 .igot.plt      0x0000000020000200        0x0 /opt/st/stm32cubeide_1.5.1/plugins/com.st.stm32cube.ide.mcu.externaltools.gnu-tools-for-stm32.7-2018-q2-update.linux64_1.5.0.202011040924/tools/bin/../lib/gcc/arm-none-eabi/7.3.1/thumb/v7-m/crtbegin.o
                0x0000000020000200                . = ALIGN (0x4)

.bss            0x0000000020000200      0x294 load address 0x000000000800bea4
                0x0000000020000200                _sbss = .
                0x0000000020000200                __bss_start__ = _sbss
 *(.bss)
 .bss           0x0000000020000200       0x1c /opt/st/stm32cubeide_1.5.1/plugins/com.st.stm32cube.ide.mcu.externaltools.gnu-tools-for-stm32.7-2018-q2-update.linux64_1.5.0.202011040924/tools/bin/../lib/gcc/arm-none-eabi/7.3.1/thumb/v7-m/crtbegin.o
 *(.bss*)
 .bss.twoKi     0x000000002000021c        0x4 Core/Src/MahonyAHRS.o
                0x000000002000021c                twoKi
 .bss.twoKd     0x0000000020000220        0x4 Core/Src/MahonyAHRS.o
                0x0000000020000220                twoKd
 .bss.q1        0x0000000020000224        0x4 Core/Src/MahonyAHRS.o
                0x0000000020000224                q1
 .bss.q2        0x0000000020000228        0x4 Core/Src/MahonyAHRS.o
                0x0000000020000228                q2
 .bss.q3        0x000000002000022c        0x4 Core/Src/MahonyAHRS.o
                0x000000002000022c                q3
 .bss.integralFBx
                0x0000000020000230        0x4 Core/Src/MahonyAHRS.o
                0x0000000020000230                integralFBx
 .bss.integralFBy
                0x0000000020000234        0x4 Core/Src/MahonyAHRS.o
                0x0000000020000234                integralFBy
 .bss.integralFBz
                0x0000000020000238        0x4 Core/Src/MahonyAHRS.o
                0x0000000020000238                integralFBz
 .bss.last_errx
                0x000000002000023c        0x4 Core/Src/MahonyAHRS.o
                0x000000002000023c                last_errx
 .bss.last_erry
                0x0000000020000240        0x4 Core/Src/MahonyAHRS.o
                0x0000000020000240                last_erry
 .bss.last_errz
                0x0000000020000244        0x4 Core/Src/MahonyAHRS.o
                0x0000000020000244                last_errz
 .bss.Accel_X_RAW
                0x0000000020000248        0x2 Core/Src/main.o
                0x0000000020000248                Accel_X_RAW
 .bss.Accel_Y_RAW
                0x000000002000024a        0x2 Core/Src/main.o
                0x000000002000024a                Accel_Y_RAW
 .bss.Accel_Z_RAW
                0x000000002000024c        0x2 Core/Src/main.o
                0x000000002000024c                Accel_Z_RAW
 .bss.Gyro_X_RAW
                0x000000002000024e        0x2 Core/Src/main.o
                0x000000002000024e                Gyro_X_RAW
 .bss.Gyro_Y_RAW
                0x0000000020000250        0x2 Core/Src/main.o
                0x0000000020000250                Gyro_Y_RAW
 .bss.Gyro_Z_RAW
                0x0000000020000252        0x2 Core/Src/main.o
                0x0000000020000252                Gyro_Z_RAW
 .bss.Mag_X_RAW
                0x0000000020000254        0x2 Core/Src/main.o
                0x0000000020000254                Mag_X_RAW
 .bss.Mag_Y_RAW
                0x0000000020000256        0x2 Core/Src/main.o
                0x0000000020000256                Mag_Y_RAW
 .bss.Mag_Z_RAW
                0x0000000020000258        0x2 Core/Src/main.o
                0x0000000020000258                Mag_Z_RAW
 *fill*         0x000000002000025a        0x2 
 .bss.magCalibration
                0x000000002000025c        0xc Core/Src/main.o
                0x000000002000025c                magCalibration
 .bss.gyroBias  0x0000000020000268        0xc Core/Src/main.o
                0x0000000020000268                gyroBias
 .bss.accelBias
                0x0000000020000274        0xc Core/Src/main.o
                0x0000000020000274                accelBias
 .bss.magBias   0x0000000020000280        0xc Core/Src/main.o
                0x0000000020000280                magBias
 .bss.magScale  0x000000002000028c        0xc Core/Src/main.o
                0x000000002000028c                magScale
 .bss.__sbrk_heap_end
                0x0000000020000298        0x4 Core/Src/sysmem.o
 .bss.__malloc_free_list
                0x000000002000029c        0x4 /opt/st/stm32cubeide_1.5.1/plugins/com.st.stm32cube.ide.mcu.externaltools.gnu-tools-for-stm32.7-2018-q2-update.linux64_1.5.0.202011040924/tools/bin/../lib/gcc/arm-none-eabi/7.3.1/../../../../arm-none-eabi/lib/thumb/v7-m/libc_nano.a(lib_a-nano-mallocr.o)
                0x000000002000029c                __malloc_free_list
 .bss.__malloc_sbrk_start
                0x00000000200002a0        0x4 /opt/st/stm32cubeide_1.5.1/plugins/com.st.stm32cube.ide.mcu.externaltools.gnu-tools-for-stm32.7-2018-q2-update.linux64_1.5.0.202011040924/tools/bin/../lib/gcc/arm-none-eabi/7.3.1/../../../../arm-none-eabi/lib/thumb/v7-m/libc_nano.a(lib_a-nano-mallocr.o)
                0x00000000200002a0                __malloc_sbrk_start
 *(COMMON)
 *fill*         0x00000000200002a4        0x4 
 COMMON         0x00000000200002a8      0x1e4 Core/Src/main.o
                0x00000000200002a8                prior
                0x00000000200002c0                Gx
                0x00000000200002c4                x
                0x00000000200002c8                hspi2
                0x0000000020000320                gyf
                0x0000000020000324                Mz
                0x0000000020000328                hi2c1
                0x000000002000037c                gzf
                0x0000000020000380                Temp
                0x0000000020000384                zg
                0x0000000020000388                Ay
                0x000000002000038c                My
                0x0000000020000390                Gy
                0x0000000020000394                z
                0x0000000020000398                angle
                0x00000000200003b0                Ax
                0x00000000200003b4                data
                0x00000000200003b6                y
                0x00000000200003b8                gxf
                0x00000000200003bc                Az
                0x00000000200003c0                htim2
                0x0000000020000408                huart2
                0x0000000020000448                pitch
                0x0000000020000450                roll
                0x0000000020000458                yg
                0x000000002000045c                data_rec
                0x0000000020000468                acce
                0x0000000020000480                Gz
                0x0000000020000484                xg
                0x0000000020000488                Mx
 COMMON         0x000000002000048c        0x4 Drivers/STM32F1xx_HAL_Driver/Src/stm32f1xx_hal.o
                0x000000002000048c                uwTick
 COMMON         0x0000000020000490        0x4 /opt/st/stm32cubeide_1.5.1/plugins/com.st.stm32cube.ide.mcu.externaltools.gnu-tools-for-stm32.7-2018-q2-update.linux64_1.5.0.202011040924/tools/bin/../lib/gcc/arm-none-eabi/7.3.1/../../../../arm-none-eabi/lib/thumb/v7-m/libc_nano.a(lib_a-reent.o)
                0x0000000020000490                errno
                0x0000000020000494                . = ALIGN (0x4)
                0x0000000020000494                _ebss = .
                0x0000000020000494                __bss_end__ = _ebss

._user_heap_stack
                0x0000000020000494      0x604 load address 0x000000000800bea4
                0x0000000020000498                . = ALIGN (0x8)
 *fill*         0x0000000020000494        0x4 
                [!provide]                        PROVIDE (end = .)
                0x0000000020000498                PROVIDE (_end = .)
                0x0000000020000698                . = (. + _Min_Heap_Size)
 *fill*         0x0000000020000498      0x200 
                0x0000000020000a98                . = (. + _Min_Stack_Size)
 *fill*         0x0000000020000698      0x400 
                0x0000000020000a98                . = ALIGN (0x8)

/DISCARD/
 libc.a(*)
 libm.a(*)
 libgcc.a(*)

.ARM.attributes
                0x0000000000000000       0x29
 *(.ARM.attributes)
 .ARM.attributes
                0x0000000000000000       0x1d /opt/st/stm32cubeide_1.5.1/plugins/com.st.stm32cube.ide.mcu.externaltools.gnu-tools-for-stm32.7-2018-q2-update.linux64_1.5.0.202011040924/tools/bin/../lib/gcc/arm-none-eabi/7.3.1/thumb/v7-m/crti.o
 .ARM.attributes
                0x000000000000001d       0x2d /opt/st/stm32cubeide_1.5.1/plugins/com.st.stm32cube.ide.mcu.externaltools.gnu-tools-for-stm32.7-2018-q2-update.linux64_1.5.0.202011040924/tools/bin/../lib/gcc/arm-none-eabi/7.3.1/thumb/v7-m/crtbegin.o
 .ARM.attributes
                0x000000000000004a       0x33 Core/Src/MahonyAHRS.o
 .ARM.attributes
                0x000000000000007d       0x33 Core/Src/main.o
 .ARM.attributes
                0x00000000000000b0       0x33 Core/Src/stm32f1xx_hal_msp.o
 .ARM.attributes
                0x00000000000000e3       0x33 Core/Src/stm32f1xx_it.o
 .ARM.attributes
                0x0000000000000116       0x33 Core/Src/sysmem.o
 .ARM.attributes
                0x0000000000000149       0x33 Core/Src/system_stm32f1xx.o
 .ARM.attributes
                0x000000000000017c       0x21 Core/Startup/startup_stm32f103c8tx.o
 .ARM.attributes
                0x000000000000019d       0x33 Drivers/STM32F1xx_HAL_Driver/Src/stm32f1xx_hal.o
 .ARM.attributes
                0x00000000000001d0       0x33 Drivers/STM32F1xx_HAL_Driver/Src/stm32f1xx_hal_cortex.o
 .ARM.attributes
                0x0000000000000203       0x33 Drivers/STM32F1xx_HAL_Driver/Src/stm32f1xx_hal_dma.o
 .ARM.attributes
                0x0000000000000236       0x33 Drivers/STM32F1xx_HAL_Driver/Src/stm32f1xx_hal_gpio.o
 .ARM.attributes
                0x0000000000000269       0x33 Drivers/STM32F1xx_HAL_Driver/Src/stm32f1xx_hal_i2c.o
 .ARM.attributes
                0x000000000000029c       0x33 Drivers/STM32F1xx_HAL_Driver/Src/stm32f1xx_hal_rcc.o
 .ARM.attributes
                0x00000000000002cf       0x33 Drivers/STM32F1xx_HAL_Driver/Src/stm32f1xx_hal_spi.o
 .ARM.attributes
                0x0000000000000302       0x33 Drivers/STM32F1xx_HAL_Driver/Src/stm32f1xx_hal_tim.o
 .ARM.attributes
                0x0000000000000335       0x33 Drivers/STM32F1xx_HAL_Driver/Src/stm32f1xx_hal_tim_ex.o
 .ARM.attributes
                0x0000000000000368       0x33 Drivers/STM32F1xx_HAL_Driver/Src/stm32f1xx_hal_uart.o
 .ARM.attributes
                0x000000000000039b       0x2d /opt/st/stm32cubeide_1.5.1/plugins/com.st.stm32cube.ide.mcu.externaltools.gnu-tools-for-stm32.7-2018-q2-update.linux64_1.5.0.202011040924/tools/bin/../lib/gcc/arm-none-eabi/7.3.1/../../../../arm-none-eabi/lib/thumb/v7-m/libc_nano.a(lib_a-errno.o)
 .ARM.attributes
                0x00000000000003c8       0x2d /opt/st/stm32cubeide_1.5.1/plugins/com.st.stm32cube.ide.mcu.externaltools.gnu-tools-for-stm32.7-2018-q2-update.linux64_1.5.0.202011040924/tools/bin/../lib/gcc/arm-none-eabi/7.3.1/../../../../arm-none-eabi/lib/thumb/v7-m/libc_nano.a(lib_a-impure.o)
 .ARM.attributes
                0x00000000000003f5       0x2d /opt/st/stm32cubeide_1.5.1/plugins/com.st.stm32cube.ide.mcu.externaltools.gnu-tools-for-stm32.7-2018-q2-update.linux64_1.5.0.202011040924/tools/bin/../lib/gcc/arm-none-eabi/7.3.1/../../../../arm-none-eabi/lib/thumb/v7-m/libc_nano.a(lib_a-init.o)
 .ARM.attributes
                0x0000000000000422       0x2d /opt/st/stm32cubeide_1.5.1/plugins/com.st.stm32cube.ide.mcu.externaltools.gnu-tools-for-stm32.7-2018-q2-update.linux64_1.5.0.202011040924/tools/bin/../lib/gcc/arm-none-eabi/7.3.1/../../../../arm-none-eabi/lib/thumb/v7-m/libc_nano.a(lib_a-malloc.o)
 .ARM.attributes
                0x000000000000044f       0x2d /opt/st/stm32cubeide_1.5.1/plugins/com.st.stm32cube.ide.mcu.externaltools.gnu-tools-for-stm32.7-2018-q2-update.linux64_1.5.0.202011040924/tools/bin/../lib/gcc/arm-none-eabi/7.3.1/../../../../arm-none-eabi/lib/thumb/v7-m/libc_nano.a(lib_a-memset.o)
 .ARM.attributes
                0x000000000000047c       0x2d /opt/st/stm32cubeide_1.5.1/plugins/com.st.stm32cube.ide.mcu.externaltools.gnu-tools-for-stm32.7-2018-q2-update.linux64_1.5.0.202011040924/tools/bin/../lib/gcc/arm-none-eabi/7.3.1/../../../../arm-none-eabi/lib/thumb/v7-m/libc_nano.a(lib_a-nano-freer.o)
 .ARM.attributes
                0x00000000000004a9       0x2d /opt/st/stm32cubeide_1.5.1/plugins/com.st.stm32cube.ide.mcu.externaltools.gnu-tools-for-stm32.7-2018-q2-update.linux64_1.5.0.202011040924/tools/bin/../lib/gcc/arm-none-eabi/7.3.1/../../../../arm-none-eabi/lib/thumb/v7-m/libc_nano.a(lib_a-nano-mallocr.o)
 .ARM.attributes
                0x00000000000004d6       0x2d /opt/st/stm32cubeide_1.5.1/plugins/com.st.stm32cube.ide.mcu.externaltools.gnu-tools-for-stm32.7-2018-q2-update.linux64_1.5.0.202011040924/tools/bin/../lib/gcc/arm-none-eabi/7.3.1/../../../../arm-none-eabi/lib/thumb/v7-m/libc_nano.a(lib_a-nano-vfprintf_float.o)
 .ARM.attributes
                0x0000000000000503       0x2d /opt/st/stm32cubeide_1.5.1/plugins/com.st.stm32cube.ide.mcu.externaltools.gnu-tools-for-stm32.7-2018-q2-update.linux64_1.5.0.202011040924/tools/bin/../lib/gcc/arm-none-eabi/7.3.1/../../../../arm-none-eabi/lib/thumb/v7-m/libc_nano.a(lib_a-nano-vfprintf_i.o)
 .ARM.attributes
                0x0000000000000530       0x2d /opt/st/stm32cubeide_1.5.1/plugins/com.st.stm32cube.ide.mcu.externaltools.gnu-tools-for-stm32.7-2018-q2-update.linux64_1.5.0.202011040924/tools/bin/../lib/gcc/arm-none-eabi/7.3.1/../../../../arm-none-eabi/lib/thumb/v7-m/libc_nano.a(lib_a-nano-vfscanf_float.o)
 .ARM.attributes
                0x000000000000055d       0x2d /opt/st/stm32cubeide_1.5.1/plugins/com.st.stm32cube.ide.mcu.externaltools.gnu-tools-for-stm32.7-2018-q2-update.linux64_1.5.0.202011040924/tools/bin/../lib/gcc/arm-none-eabi/7.3.1/../../../../arm-none-eabi/lib/thumb/v7-m/libc_nano.a(lib_a-sbrkr.o)
 .ARM.attributes
                0x000000000000058a       0x2d /opt/st/stm32cubeide_1.5.1/plugins/com.st.stm32cube.ide.mcu.externaltools.gnu-tools-for-stm32.7-2018-q2-update.linux64_1.5.0.202011040924/tools/bin/../lib/gcc/arm-none-eabi/7.3.1/../../../../arm-none-eabi/lib/thumb/v7-m/libc_nano.a(lib_a-sf_nan.o)
 .ARM.attributes
                0x00000000000005b7       0x2d /opt/st/stm32cubeide_1.5.1/plugins/com.st.stm32cube.ide.mcu.externaltools.gnu-tools-for-stm32.7-2018-q2-update.linux64_1.5.0.202011040924/tools/bin/../lib/gcc/arm-none-eabi/7.3.1/../../../../arm-none-eabi/lib/thumb/v7-m/libc_nano.a(lib_a-sprintf.o)
 .ARM.attributes
                0x00000000000005e4       0x17 /opt/st/stm32cubeide_1.5.1/plugins/com.st.stm32cube.ide.mcu.externaltools.gnu-tools-for-stm32.7-2018-q2-update.linux64_1.5.0.202011040924/tools/bin/../lib/gcc/arm-none-eabi/7.3.1/../../../../arm-none-eabi/lib/thumb/v7-m/libc_nano.a(lib_a-strlen.o)
 .ARM.attributes
                0x00000000000005fb       0x2d /opt/st/stm32cubeide_1.5.1/plugins/com.st.stm32cube.ide.mcu.externaltools.gnu-tools-for-stm32.7-2018-q2-update.linux64_1.5.0.202011040924/tools/bin/../lib/gcc/arm-none-eabi/7.3.1/../../../../arm-none-eabi/lib/thumb/v7-m/libc_nano.a(lib_a-strtod.o)
 .ARM.attributes
                0x0000000000000628       0x2d /opt/st/stm32cubeide_1.5.1/plugins/com.st.stm32cube.ide.mcu.externaltools.gnu-tools-for-stm32.7-2018-q2-update.linux64_1.5.0.202011040924/tools/bin/../lib/gcc/arm-none-eabi/7.3.1/../../../../arm-none-eabi/lib/thumb/v7-m/libc_nano.a(lib_a-strtol.o)
 .ARM.attributes
                0x0000000000000655       0x2d /opt/st/stm32cubeide_1.5.1/plugins/com.st.stm32cube.ide.mcu.externaltools.gnu-tools-for-stm32.7-2018-q2-update.linux64_1.5.0.202011040924/tools/bin/../lib/gcc/arm-none-eabi/7.3.1/../../../../arm-none-eabi/lib/thumb/v7-m/libc_nano.a(lib_a-dtoa.o)
 .ARM.attributes
                0x0000000000000682       0x2d /opt/st/stm32cubeide_1.5.1/plugins/com.st.stm32cube.ide.mcu.externaltools.gnu-tools-for-stm32.7-2018-q2-update.linux64_1.5.0.202011040924/tools/bin/../lib/gcc/arm-none-eabi/7.3.1/../../../../arm-none-eabi/lib/thumb/v7-m/libc_nano.a(lib_a-gdtoa-gethex.o)
 .ARM.attributes
                0x00000000000006af       0x2d /opt/st/stm32cubeide_1.5.1/plugins/com.st.stm32cube.ide.mcu.externaltools.gnu-tools-for-stm32.7-2018-q2-update.linux64_1.5.0.202011040924/tools/bin/../lib/gcc/arm-none-eabi/7.3.1/../../../../arm-none-eabi/lib/thumb/v7-m/libc_nano.a(lib_a-gdtoa-hexnan.o)
 .ARM.attributes
                0x00000000000006dc       0x2d /opt/st/stm32cubeide_1.5.1/plugins/com.st.stm32cube.ide.mcu.externaltools.gnu-tools-for-stm32.7-2018-q2-update.linux64_1.5.0.202011040924/tools/bin/../lib/gcc/arm-none-eabi/7.3.1/../../../../arm-none-eabi/lib/thumb/v7-m/libc_nano.a(lib_a-locale.o)
 .ARM.attributes
                0x0000000000000709       0x2d /opt/st/stm32cubeide_1.5.1/plugins/com.st.stm32cube.ide.mcu.externaltools.gnu-tools-for-stm32.7-2018-q2-update.linux64_1.5.0.202011040924/tools/bin/../lib/gcc/arm-none-eabi/7.3.1/../../../../arm-none-eabi/lib/thumb/v7-m/libc_nano.a(lib_a-localeconv.o)
 .ARM.attributes