main.c:143:6:MPU9250_Init	32	static
main.c:205:6:initAK8963	48	static
main.c:232:6:MPU9250_Read_Accel	40	static
main.c:256:6:MPU9250_Read_Gyro	40	static
main.c:276:6:MPU9250_Read_Temp	40	static
main.c:292:6:MPU9250_Read_Mag	40	static
main.c:315:6:magcalMPU9250	96	static
main.c:368:6:calibrateMPU9250	96	static
main.c:444:6:setfilter_angle	32	static
main.c:465:6:Clock_Start	8	static
main.c:470:5:Clock_End	16	static
main.c:511:6:adxl_write	24	static
main.c:520:6:adxl_read_data	16	static
main.c:529:6:adxl_read	16	static
main.c:537:6:adxl_init	8	static
main.c:549:6:getData_from_ADXL	120	static
main.c:592:5:main	224	static
main.c:723:6:SystemClock_Config	72	static
main.c:762:13:MX_I2C1_Init	8	static
main.c:796:13:MX_SPI2_Init	8	static
main.c:834:13:MX_TIM2_Init	32	static
main.c:879:13:MX_USART2_UART_Init	8	static
main.c:912:13:MX_GPIO_Init	40	static
main.c:972:6:Error_Handler	4	static
